Archive member included to satisfy reference by file (symbol)

D:/Embedded Segger 4.12/lib/libc_v7em_fpv4_sp_d16_hard_t_le_eabi.a(libc2_asm.o)
                              Output/pin_change_int_pca10040 Release/Obj/nrfx_gpiote.o (memset)
D:/Embedded Segger 4.12/lib/libdebugio_v7em_fpv4_sp_d16_hard_t_le_eabi.a(libdebugio.o)
                              Output/pin_change_int_pca10040 Release/Obj/thumb_crt0.o (debug_fopen)
D:/Embedded Segger 4.12/lib/libdebugio_mempoll_v7em_fpv4_sp_d16_hard_t_le_eabi.a(mempoll_debug_operations.o)
                              D:/Embedded Segger 4.12/lib/libdebugio_v7em_fpv4_sp_d16_hard_t_le_eabi.a(libdebugio.o) (__do_debug_operation)
D:/Embedded Segger 4.12/lib/libdebugio_mempoll_v7em_fpv4_sp_d16_hard_t_le_eabi.a(do_nv_debug_operation.o)
                              D:/Embedded Segger 4.12/lib/libdebugio_v7em_fpv4_sp_d16_hard_t_le_eabi.a(libdebugio.o) (__do_nvdebug_operation)
D:/Embedded Segger 4.12/lib/libm_v7em_fpv4_sp_d16_hard_t_le_eabi.a(libm_asm.o)
                              D:/Embedded Segger 4.12/lib/libvfscanf_v7em_fpv4_sp_d16_hard_t_le_eabi.o (__aeabi_i2d)
D:/Embedded Segger 4.12/lib/libm_v7em_fpv4_sp_d16_hard_t_le_eabi.a(libm2.o)
                              D:/Embedded Segger 4.12/lib/libvfprintf_v7em_fpv4_sp_d16_hard_t_le_eabi.o (frexp)
D:/Embedded Segger 4.12/lib/libm_v7em_fpv4_sp_d16_hard_t_le_eabi.a(libm2_asm.o)
                              D:/Embedded Segger 4.12/lib/libm_v7em_fpv4_sp_d16_hard_t_le_eabi.a(libm2.o) (fabs)
D:/Embedded Segger 4.12/lib/libc_v7em_fpv4_sp_d16_hard_t_le_eabi.a(libc_asm.o)
                              D:/Embedded Segger 4.12/lib/libvfprintf_v7em_fpv4_sp_d16_hard_t_le_eabi.o (__aeabi_uldivmod)
D:/Embedded Segger 4.12/lib/libc_v7em_fpv4_sp_d16_hard_t_le_eabi.a(libc2.o)
                              D:/Embedded Segger 4.12/lib/libvfscanf_v7em_fpv4_sp_d16_hard_t_le_eabi.o (__getc)
D:/Embedded Segger 4.12/lib/libc_v7em_fpv4_sp_d16_hard_t_le_eabi.a(libc.o)
                              D:/Embedded Segger 4.12/lib/libc_v7em_fpv4_sp_d16_hard_t_le_eabi.a(libc2.o) (__heap_lock)

Discarded input sections

 .text          0x0000000000000000        0x0 Output/pin_change_int_pca10040 Release/Obj/thumb_crt0.o
 .data          0x0000000000000000        0x0 Output/pin_change_int_pca10040 Release/Obj/thumb_crt0.o
 .bss           0x0000000000000000        0x0 Output/pin_change_int_pca10040 Release/Obj/thumb_crt0.o
 .text.__aeabi_read_tp
                0x0000000000000000        0x8 Output/pin_change_int_pca10040 Release/Obj/thumb_crt0.o
 .text.abort    0x0000000000000000        0x2 Output/pin_change_int_pca10040 Release/Obj/thumb_crt0.o
 .text.__assert
                0x0000000000000000        0x2 Output/pin_change_int_pca10040 Release/Obj/thumb_crt0.o
 .text.__aeabi_assert
                0x0000000000000000        0x2 Output/pin_change_int_pca10040 Release/Obj/thumb_crt0.o
 .text.__sync_synchronize
                0x0000000000000000        0x2 Output/pin_change_int_pca10040 Release/Obj/thumb_crt0.o
 .text.__getchar
                0x0000000000000000        0x4 Output/pin_change_int_pca10040 Release/Obj/thumb_crt0.o
 .text.__putchar
                0x0000000000000000        0x4 Output/pin_change_int_pca10040 Release/Obj/thumb_crt0.o
 .text.__open   0x0000000000000000        0x4 Output/pin_change_int_pca10040 Release/Obj/thumb_crt0.o
 .text.__close  0x0000000000000000        0x4 Output/pin_change_int_pca10040 Release/Obj/thumb_crt0.o
 .text.__write  0x0000000000000000        0xa Output/pin_change_int_pca10040 Release/Obj/thumb_crt0.o
 .text.__read   0x0000000000000000        0xa Output/pin_change_int_pca10040 Release/Obj/thumb_crt0.o
 .text.__seek   0x0000000000000000       0x1a Output/pin_change_int_pca10040 Release/Obj/thumb_crt0.o
 .bss.__user_locale_name_buffer
                0x0000000000000000        0x4 Output/pin_change_int_pca10040 Release/Obj/thumb_crt0.o
 .stack         0x0000000000000000        0x0 Output/pin_change_int_pca10040 Release/Obj/thumb_crt0.o
 .stack_process
                0x0000000000000000        0x0 Output/pin_change_int_pca10040 Release/Obj/thumb_crt0.o
 .heap          0x0000000000000000        0x0 Output/pin_change_int_pca10040 Release/Obj/thumb_crt0.o
 .group         0x0000000000000000        0xc Output/pin_change_int_pca10040 Release/Obj/main.o
 .group         0x0000000000000000        0xc Output/pin_change_int_pca10040 Release/Obj/main.o
 .group         0x0000000000000000        0xc Output/pin_change_int_pca10040 Release/Obj/main.o
 .group         0x0000000000000000        0xc Output/pin_change_int_pca10040 Release/Obj/main.o
 .group         0x0000000000000000        0xc Output/pin_change_int_pca10040 Release/Obj/main.o
 .group         0x0000000000000000        0xc Output/pin_change_int_pca10040 Release/Obj/main.o
 .group         0x0000000000000000        0xc Output/pin_change_int_pca10040 Release/Obj/main.o
 .group         0x0000000000000000        0xc Output/pin_change_int_pca10040 Release/Obj/main.o
[...]
Memory Configuration

Name             Origin             Length             Attributes
UNPLACED_SECTIONS 0x0000000100000000 0x0000000000000000 xw
RAM              0x0000000020000000 0x0000000000010000 xw
FLASH            0x0000000000000000 0x0000000000080000 xw
*default*        0x0000000000000000 0xffffffffffffffff

Linker script and memory map

                0x0000000000000000                __vfprintf = __vfprintf_long
                0x0000000000000000                __vfscanf = __vfscanf_int
                0x0000000020000000                __RAM_segment_start__ = 0x20000000
                0x0000000020010000                __RAM_segment_end__ = 0x20010000
                0x0000000000010000                __RAM_segment_size__ = 0x10000
                0x0000000000000000                __FLASH_segment_start__ = 0x0
                0x0000000000080000                __FLASH_segment_end__ = 0x80000
                0x0000000000080000                __FLASH_segment_size__ = 0x80000
                0x0000000000002000                __HEAPSIZE__ = 0x2000
                0x0000000000000000                __STACKSIZE_PROCESS__ = 0x0
                0x0000000000002000                __STACKSIZE__ = 0x2000
                0x0000000020000000                __vectors_ram_load_start__ = 0x20000000

.vectors_ram    0x0000000020000000        0x0
                0x0000000020000000                __vectors_ram_start__ = .
                0x0000000020000000                __app_ram_start__ = __vectors_ram_start__
 *(.vectors_ram .vectors_ram.*)
                0x0000000020000000                __vectors_ram_end__ = (__vectors_ram_start__ + SIZEOF (.vectors_ram))
                0x0000000000000000                __vectors_ram_size__ = SIZEOF (.vectors_ram)
                0x0000000020000000                __vectors_ram_load_end__ = __vectors_ram_end__
                0x0000000000000001                . = ASSERT (((__vectors_ram_start__ == __vectors_ram_end__) || ((__vectors_ram_end__ >= __RAM_segment_start__) && (__vectors_ram_end__ <= __RAM_segment_end__))), error: .vectors_ram is too large to fit in RAM memory segment)
                0x0000000020000000                __nrf_sections_run_load_start__ = ALIGN (__vectors_ram_end__, 0x4)

.nrf_sections_run
                0x0000000020000000        0x0
                0x0000000020000000                __nrf_sections_run_start__ = .
                0x0000000020000000                __start_nrf_sections_run = __nrf_sections_run_start__
 *(.nrf_sections_run .nrf_sections_run.*)
                0x0000000020000000                __nrf_sections_run_end__ = (__nrf_sections_run_start__ + SIZEOF (.nrf_sections_run))
                0x0000000000000000                __nrf_sections_run_size__ = SIZEOF (.nrf_sections_run)
                0x0000000020000000                __nrf_sections_run_load_end__ = __nrf_sections_run_end__
                0x0000000000000001                . = ASSERT (((__nrf_sections_run_start__ == __nrf_sections_run_end__) || ((__nrf_sections_run_end__ >= __RAM_segment_start__) && (__nrf_sections_run_end__ <= __RAM_segment_end__))), error: .nrf_sections_run is too large to fit in RAM memory segment)
                0x0000000000000000                __vectors_load_start__ = 0x0

.vectors        0x0000000000000000       0xdc
                0x0000000000000000                __vectors_start__ = .
 *(.vectors .vectors.*)
 .vectors       0x0000000000000000       0xdc Output/pin_change_int_pca10040 Release/Obj/ses_nrf52_Vectors.o
                0x0000000000000000                _vectors
                0x00000000000000dc                __vectors_end__ = (__vectors_start__ + SIZEOF (.vectors))
                0x00000000000000dc                __vectors_size__ = SIZEOF (.vectors)
                0x00000000000000dc                __vectors_load_end__ = __vectors_end__
                0x0000000000000001                . = ASSERT (((__vectors_start__ == __vectors_end__) || ((__vectors_end__ >= __FLASH_segment_start__) && (__vectors_end__ <= __FLASH_segment_end__))), error: .vectors is too large to fit in FLASH memory segment)
                0x00000000000000dc                __init_load_start__ = ALIGN (__vectors_end__, 0x4)

.init           0x00000000000000dc      0x218
                0x00000000000000dc                __init_start__ = .
 *(.init .init.*)
 .init          0x00000000000000dc      0x160 Output/pin_change_int_pca10040 Release/Obj/thumb_crt0.o
                0x00000000000000dc                _start
                0x0000000000000192                exit
 .init          0x000000000000023c       0x58 Output/pin_change_int_pca10040 Release/Obj/ses_nRF_Startup.o
                0x000000000000023c                Reset_Handler
                0x0000000000000260                InitializeUserMemorySections
 .init          0x0000000000000294       0x60 Output/pin_change_int_pca10040 Release/Obj/ses_nrf52_Vectors.o
                0x0000000000000294                NMI_Handler
                0x0000000000000296                HardFault_Handler
                0x0000000000000298                MemoryManagement_Handler
                0x000000000000029a                BusFault_Handler
                0x000000000000029c                UsageFault_Handler
                0x000000000000029e                SVC_Handler
                0x00000000000002a0                DebugMon_Handler
                0x00000000000002a2                PendSV_Handler
                0x00000000000002a4                SysTick_Handler
                0x00000000000002a8                POWER_CLOCK_IRQHandler
                0x00000000000002aa                RADIO_IRQHandler
                0x00000000000002ac                UARTE0_UART0_IRQHandler
                0x00000000000002ae                SPIM0_SPIS0_TWIM0_TWIS0_SPI0_TWI0_IRQHandler
                0x00000000000002b0                SPIM1_SPIS1_TWIM1_TWIS1_SPI1_TWI1_IRQHandler
                0x00000000000002b2                NFCT_IRQHandler
                0x00000000000002b6                SAADC_IRQHandler
                0x00000000000002b8                TIMER0_IRQHandler
                0x00000000000002ba                TIMER1_IRQHandler
                0x00000000000002bc                TIMER2_IRQHandler
                0x00000000000002be                RTC0_IRQHandler
                0x00000000000002c0                TEMP_IRQHandler
                0x00000000000002c2                RNG_IRQHandler
                0x00000000000002c4                ECB_IRQHandler
                0x00000000000002c6                CCM_AAR_IRQHandler
                0x00000000000002c8                WDT_IRQHandler
                0x00000000000002ca                RTC1_IRQHandler
                0x00000000000002cc                QDEC_IRQHandler
                0x00000000000002ce                COMP_LPCOMP_IRQHandler
                0x00000000000002d0                SWI0_EGU0_IRQHandler
                0x00000000000002d2                SWI1_EGU1_IRQHandler
                0x00000000000002d4                SWI2_EGU2_IRQHandler
                0x00000000000002d6                SWI3_EGU3_IRQHandler
                0x00000000000002d8                SWI4_EGU4_IRQHandler
                0x00000000000002da                SWI5_EGU5_IRQHandler
                0x00000000000002dc                TIMER3_IRQHandler
                0x00000000000002de                TIMER4_IRQHandler
                0x00000000000002e0                PWM0_IRQHandler
                0x00000000000002e2                PDM_IRQHandler
                0x00000000000002e4                MWU_IRQHandler
                0x00000000000002e6                PWM1_IRQHandler
                0x00000000000002e8                PWM2_IRQHandler
                0x00000000000002ea                SPIM2_SPIS2_SPI2_IRQHandler
                0x00000000000002ec                RTC2_IRQHandler
                0x00000000000002ee                I2S_IRQHandler
                0x00000000000002f0                FPU_IRQHandler
                0x00000000000002f4                __init_end__ = (__init_start__ + SIZEOF (.init))
                0x0000000000000218                __init_size__ = SIZEOF (.init)
                0x00000000000002f4                __init_load_end__ = __init_end__
                0x0000000000000001                . = ASSERT (((__init_start__ == __init_end__) || ((__init_end__ >= __FLASH_segment_start__) && (__init_end__ <= __FLASH_segment_end__))), error: .init is too large to fit in FLASH memory segment)
                0x00000000000002f4                __init_rodata_load_start__ = ALIGN (__init_end__, 0x4)

.init_rodata    0x00000000000002f4        0x0
                0x00000000000002f4                __init_rodata_start__ = .
 *(.init_rodata .init_rodata.*)
                0x00000000000002f4                __init_rodata_end__ = (__init_rodata_start__ + SIZEOF (.init_rodata))
                0x0000000000000000                __init_rodata_size__ = SIZEOF (.init_rodata)
                0x00000000000002f4                __init_rodata_load_end__ = __init_rodata_end__
                0x0000000000000001                . = ASSERT (((__init_rodata_start__ == __init_rodata_end__) || ((__init_rodata_end__ >= __FLASH_segment_start__) && (__init_rodata_end__ <= __FLASH_segment_end__))), error: .init_rodata is too large to fit in FLASH memory segment)
                0x00000000000002f4                __text_load_start__ = ALIGN (__init_rodata_end__, 0x4)

.text           0x00000000000002f4      0x876
                0x00000000000002f4                __text_start__ = .
 *(.text .text.* .glue_7t .glue_7 .gnu.linkonce.t.* .gcc_except_table .ARM.extab* .gnu.linkonce.armextab.*)
 .glue_7        0x00000000000002f4        0x0 linker stubs
 .glue_7t       0x00000000000002f4        0x0 linker stubs
 .text.in_pin_handler
                0x00000000000002f4        0x6 Output/pin_change_int_pca10040 Release/Obj/main.o
                0x00000000000002f4                in_pin_handler
 *fill*         0x00000000000002fa        0x2 
 .text.startup.main
                0x00000000000002fc       0x54 Output/pin_change_int_pca10040 Release/Obj/main.o
                0x00000000000002fc                main
 .text.app_error_handler_bare
                0x0000000000000350       0x1a Output/pin_change_int_pca10040 Release/Obj/app_error.o
                0x0000000000000350                app_error_handler_bare
 *fill*         0x000000000000036a        0x2 
 .text.app_error_fault_handler
                0x000000000000036c       0x34 Output/pin_change_int_pca10040 Release/Obj/app_error_weak.o
                0x000000000000036c                app_error_fault_handler
 .text.nrf_gpiote_event_clear
                0x00000000000003a0       0x18 Output/pin_change_int_pca10040 Release/Obj/nrfx_gpiote.o
 .text.nrf_gpio_cfg_sense_set
                0x00000000000003b8       0x20 Output/pin_change_int_pca10040 Release/Obj/nrfx_gpiote.o
 .text.channel_free
                0x00000000000003d8       0x1c Output/pin_change_int_pca10040 Release/Obj/nrfx_gpiote.o
 .text.nrfx_gpiote_init
                0x00000000000003f4       0x70 Output/pin_change_int_pca10040 Release/Obj/nrfx_gpiote.o
                0x00000000000003f4                nrfx_gpiote_init
 .text.nrfx_gpiote_out_init
                0x0000000000000464       0xc4 Output/pin_change_int_pca10040 Release/Obj/nrfx_gpiote.o
                0x0000000000000464                nrfx_gpiote_out_init
 .text.nrfx_gpiote_out_toggle
                0x0000000000000528       0x1e Output/pin_change_int_pca10040 Release/Obj/nrfx_gpiote.o
                0x0000000000000528                nrfx_gpiote_out_toggle
 *fill*         0x0000000000000546        0x2 
 .text.nrfx_gpiote_in_init
                0x0000000000000548       0xf0 Output/pin_change_int_pca10040 Release/Obj/nrfx_gpiote.o
                0x0000000000000548                nrfx_gpiote_in_init
 .text.nrfx_gpiote_in_event_enable
                0x0000000000000638       0x8c Output/pin_change_int_pca10040 Release/Obj/nrfx_gpiote.o
                0x0000000000000638                nrfx_gpiote_in_event_enable
 .text.GPIOTE_IRQHandler
                0x00000000000006c4      0x170 Output/pin_change_int_pca10040 Release/Obj/nrfx_gpiote.o
                0x00000000000006c4                GPIOTE_IRQHandler
 .text.errata_12
                0x0000000000000834       0x40 Output/pin_change_int_pca10040 Release/Obj/system_nrf52.o
 .text.errata_16
                0x0000000000000874       0x34 Output/pin_change_int_pca10040 Release/Obj/system_nrf52.o
 .text.SystemInit
                0x00000000000008a8      0x25c Output/pin_change_int_pca10040 Release/Obj/system_nrf52.o
                0x00000000000008a8                SystemInit
 .text.libc.memset
                0x0000000000000b04       0x66 D:/Embedded Segger 4.12/lib/libc_v7em_fpv4_sp_d16_hard_t_le_eabi.a(libc2_asm.o)
                0x0000000000000b04                memset
                0x0000000000000b6a                __text_end__ = (__text_start__ + SIZEOF (.text))
                0x0000000000000876                __text_size__ = SIZEOF (.text)
                0x0000000000000b6a                __text_load_end__ = __text_end__

.vfp11_veneer   0x0000000100000000        0x0
 .vfp11_veneer  0x0000000100000000        0x0 linker stubs

.v4_bx          0x0000000100000000        0x0
 .v4_bx         0x0000000100000000        0x0 linker stubs

.iplt           0x0000000100000000        0x0
 .iplt          0x0000000100000000        0x0 Output/pin_change_int_pca10040 Release/Obj/thumb_crt0.o

.rel.dyn        0x0000000000000b6c        0x0
 .rel.iplt      0x0000000000000b6c        0x0 Output/pin_change_int_pca10040 Release/Obj/thumb_crt0.o
                0x0000000000000001                . = ASSERT (((__text_start__ == __text_end__) || ((__text_end__ >= __FLASH_segment_start__) && (__text_end__ <= __FLASH_segment_end__))), error: .text is too large to fit in FLASH memory segment)
                0x0000000000000b6c                __log_const_data_load_start__ = ALIGN (__text_end__, 0x4)

.log_const_data
                0x0000000000000b6c        0x0
                0x0000000000000b6c                __log_const_data_start__ = .
                0x0000000000000b6c                __start_log_const_data = __log_const_data_start__
 *(SORT_BY_NAME(.log_const_data*))
                0x0000000000000b6c                __log_const_data_end__ = (__log_const_data_start__ + SIZEOF (.log_const_data))
                0x0000000000000000                __log_const_data_size__ = SIZEOF (.log_const_data)
                0x0000000000000b6c                __stop_log_const_data = __log_const_data_end__
                0x0000000000000b6c                __log_const_data_load_end__ = __log_const_data_end__
                0x0000000000000001                . = ASSERT (((__log_const_data_start__ == __log_const_data_end__) || ((__log_const_data_end__ >= __FLASH_segment_start__) && (__log_const_data_end__ <= __FLASH_segment_end__))), error: .log_const_data is too large to fit in FLASH memory segment)
                0x0000000000000b6c                __nrf_balloc_load_start__ = ALIGN (__log_const_data_end__, 0x4)

.nrf_balloc     0x0000000000000b6c        0x0
                0x0000000000000b6c                __nrf_balloc_start__ = .
                0x0000000000000b6c                __start_nrf_balloc = __nrf_balloc_start__
 *(.nrf_balloc*)
                0x0000000000000b6c                __nrf_balloc_end__ = (__nrf_balloc_start__ + SIZEOF (.nrf_balloc))
                0x0000000000000000                __nrf_balloc_size__ = SIZEOF (.nrf_balloc)
                0x0000000000000b6c                __stop_nrf_balloc = __nrf_balloc_end__
                0x0000000000000b6c                __nrf_balloc_load_end__ = __nrf_balloc_end__
                0x0000000000000001                . = ASSERT (((__nrf_balloc_start__ == __nrf_balloc_end__) || ((__nrf_balloc_end__ >= __FLASH_segment_start__) && (__nrf_balloc_end__ <= __FLASH_segment_end__))), error: .nrf_balloc is too large to fit in FLASH memory segment)
                0x0000000000000b6c                __nrf_sections_load_start__ = ALIGN (__nrf_balloc_end__, 0x4)

.nrf_sections   0x0000000000000b6c        0x0
                0x0000000000000b6c                __nrf_sections_start__ = .
                0x0000000000000b6c                __start_nrf_sections = __nrf_sections_start__
 *(.nrf_sections .nrf_sections.*)
                0x0000000000000b6c                __nrf_sections_end__ = (__nrf_sections_start__ + SIZEOF (.nrf_sections))
                0x0000000000000000                __nrf_sections_size__ = SIZEOF (.nrf_sections)
                0x0000000000000b6c                __nrf_sections_load_end__ = __nrf_sections_end__
                0x0000000000000001                . = ASSERT (((__nrf_sections_start__ == __nrf_sections_end__) || ((__nrf_sections_end__ >= __FLASH_segment_start__) && (__nrf_sections_end__ <= __FLASH_segment_end__))), error: .nrf_sections is too large to fit in FLASH memory segment)
                0x0000000000000b6c                __log_dynamic_data_load_start__ = ALIGN (__nrf_sections_end__, 0x4)

.log_dynamic_data
                0x0000000020000000        0x0 load address 0x0000000000000b6c
                0x0000000020000000                __log_dynamic_data_start__ = .
 *(SORT_BY_NAME(.log_dynamic_data*))
                0x0000000020000000                __log_dynamic_data_end__ = (__log_dynamic_data_start__ + SIZEOF (.log_dynamic_data))
                0x0000000000000000                __log_dynamic_data_size__ = SIZEOF (.log_dynamic_data)
                0x0000000000000b6c                __log_dynamic_data_load_end__ = (__log_dynamic_data_load_start__ + SIZEOF (.log_dynamic_data))
                0x0000000000000001                . = ASSERT (((__log_dynamic_data_load_start__ == __log_dynamic_data_load_end__) || ((__log_dynamic_data_load_end__ >= __FLASH_segment_start__) && (__log_dynamic_data_load_end__ <= __FLASH_segment_end__))), error: .log_dynamic_data is too large to fit in FLASH memory segment)

.log_dynamic_data_run
                0x0000000020000000        0x0
                0x0000000020000000                __log_dynamic_data_run_start__ = .
                0x0000000020000000                __start_log_dynamic_data = __log_dynamic_data_run_start__
                0x0000000020000000                . = MAX ((__log_dynamic_data_run_start__ + SIZEOF (.log_dynamic_data)), .)
                0x0000000020000000                __log_dynamic_data_run_end__ = (__log_dynamic_data_run_start__ + SIZEOF (.log_dynamic_data_run))
                0x0000000000000000                __log_dynamic_data_run_size__ = SIZEOF (.log_dynamic_data_run)
                0x0000000020000000                __stop_log_dynamic_data = __log_dynamic_data_run_end__
                0x0000000020000000                __log_dynamic_data_run_load_end__ = __log_dynamic_data_run_end__
                0x0000000000000001                . = ASSERT (((__log_dynamic_data_run_start__ == __log_dynamic_data_run_end__) || ((__log_dynamic_data_run_end__ >= __RAM_segment_start__) && (__log_dynamic_data_run_end__ <= __RAM_segment_end__))), error: .log_dynamic_data_run is too large to fit in RAM memory segment)
                0x0000000020000000                __nrf_sections_run_end_load_start__ = ALIGN (__log_dynamic_data_run_end__, 0x4)

.nrf_sections_run_end
                0x0000000020000000        0x0
                0x0000000020000000                __nrf_sections_run_end_start__ = .
                0x0000000020000000                __end_nrf_sections_run = __nrf_sections_run_end_start__
 *(.nrf_sections_run_end .nrf_sections_run_end.*)
                0x0000000020000000                __nrf_sections_run_end_end__ = (__nrf_sections_run_end_start__ + SIZEOF (.nrf_sections_run_end))
                0x0000000000000000                __nrf_sections_run_end_size__ = SIZEOF (.nrf_sections_run_end)
                0x0000000020000000                __nrf_sections_run_end_load_end__ = __nrf_sections_run_end_end__
                0x0000000000000001                . = ASSERT (((__nrf_sections_run_end_start__ == __nrf_sections_run_end_end__) || ((__nrf_sections_run_end_end__ >= __RAM_segment_start__) && (__nrf_sections_run_end_end__ <= __RAM_segment_end__))), error: .nrf_sections_run_end is too large to fit in RAM memory segment)
                0x0000000000000b6c                __dtors_load_start__ = ALIGN ((__log_dynamic_data_load_start__ + SIZEOF (.log_dynamic_data)), 0x4)

.dtors          0x0000000000000b6c        0x0
                0x0000000000000b6c                __dtors_start__ = .
 *(SORT_BY_NAME(.dtors.*))
 *(.dtors)
 *(.fini_array)
 *(SORT_BY_NAME(.fini_array.*))
                0x0000000000000b6c                __dtors_end__ = (__dtors_start__ + SIZEOF (.dtors))
                0x0000000000000000                __dtors_size__ = SIZEOF (.dtors)
                0x0000000000000b6c                __dtors_load_end__ = __dtors_end__
                0x0000000000000001                . = ASSERT (((__dtors_start__ == __dtors_end__) || ((__dtors_end__ >= __FLASH_segment_start__) && (__dtors_end__ <= __FLASH_segment_end__))), error: .dtors is too large to fit in FLASH memory segment)
                0x0000000000000b6c                __ctors_load_start__ = ALIGN (__dtors_end__, 0x4)

.ctors          0x0000000000000b6c        0x0
                0x0000000000000b6c                __ctors_start__ = .
 *(SORT_BY_NAME(.ctors.*))
 *(.ctors)
 *(.init_array)
 *(SORT_BY_NAME(.init_array.*))
                0x0000000000000b6c                __ctors_end__ = (__ctors_start__ + SIZEOF (.ctors))
                0x0000000000000000                __ctors_size__ = SIZEOF (.ctors)
                0x0000000000000b6c                __ctors_load_end__ = __ctors_end__
                0x0000000000000001                . = ASSERT (((__ctors_start__ == __ctors_end__) || ((__ctors_end__ >= __FLASH_segment_start__) && (__ctors_end__ <= __FLASH_segment_end__))), error: .ctors is too large to fit in FLASH memory segment)
                0x0000000000000b6c                __rodata_load_start__ = ALIGN (__ctors_end__, 0x4)

.rodata         0x0000000000000b6c        0x0
                0x0000000000000b6c                __rodata_start__ = .
 *(.rodata .rodata.* .gnu.linkonce.r.*)
                0x0000000000000b6c                __rodata_end__ = (__rodata_start__ + SIZEOF (.rodata))
                0x0000000000000000                __rodata_size__ = SIZEOF (.rodata)
                0x0000000000000b6c                __rodata_load_end__ = __rodata_end__
                0x0000000000000001                . = ASSERT (((__rodata_start__ == __rodata_end__) || ((__rodata_end__ >= __FLASH_segment_start__) && (__rodata_end__ <= __FLASH_segment_end__))), error: .rodata is too large to fit in FLASH memory segment)
                0x0000000000000b6c                __ARM.exidx_load_start__ = ALIGN (__rodata_end__, 0x4)

.ARM.exidx      0x0000000000000b6c        0x0
                0x0000000000000b6c                __ARM.exidx_start__ = .
                0x0000000000000b6c                __exidx_start = __ARM.exidx_start__
 *(.ARM.exidx .ARM.exidx.*)
                0x0000000000000b6c                __ARM.exidx_end__ = (__ARM.exidx_start__ + SIZEOF (.ARM.exidx))
                0x0000000000000000                __ARM.exidx_size__ = SIZEOF (.ARM.exidx)
                0x0000000000000b6c                __exidx_end = __ARM.exidx_end__
                0x0000000000000b6c                __ARM.exidx_load_end__ = __ARM.exidx_end__
                0x0000000000000001                . = ASSERT (((__ARM.exidx_start__ == __ARM.exidx_end__) || ((__ARM.exidx_end__ >= __FLASH_segment_start__) && (__ARM.exidx_end__ <= __FLASH_segment_end__))), error: .ARM.exidx is too large to fit in FLASH memory segment)
                0x0000000000000b6c                __fast_load_start__ = ALIGN (__ARM.exidx_end__, 0x4)

.fast           0x0000000020000000        0x0 load address 0x0000000000000b6c
                0x0000000020000000                __fast_start__ = .
 *(.fast .fast.*)
                0x0000000020000000                __fast_end__ = (__fast_start__ + SIZEOF (.fast))
                0x0000000000000000                __fast_size__ = SIZEOF (.fast)
                0x0000000000000b6c                __fast_load_end__ = (__fast_load_start__ + SIZEOF (.fast))
                0x0000000000000001                . = ASSERT (((__fast_load_start__ == __fast_load_end__) || ((__fast_load_end__ >= __FLASH_segment_start__) && (__fast_load_end__ <= __FLASH_segment_end__))), error: .fast is too large to fit in FLASH memory segment)

.fast_run       0x0000000020000000        0x0
                0x0000000020000000                __fast_run_start__ = .
                0x0000000020000000                . = MAX ((__fast_run_start__ + SIZEOF (.fast)), .)
                0x0000000020000000                __fast_run_end__ = (__fast_run_start__ + SIZEOF (.fast_run))
                0x0000000000000000                __fast_run_size__ = SIZEOF (.fast_run)
                0x0000000020000000                __fast_run_load_end__ = __fast_run_end__
                0x0000000000000001                . = ASSERT (((__fast_run_start__ == __fast_run_end__) || ((__fast_run_end__ >= __RAM_segment_start__) && (__fast_run_end__ <= __RAM_segment_end__))), error: .fast_run is too large to fit in RAM memory segment)
                0x0000000000000b6c                __data_load_start__ = ALIGN ((__fast_load_start__ + SIZEOF (.fast)), 0x4)

.data           0x0000000020000000        0x4 load address 0x0000000000000b6c
                0x0000000020000000                __data_start__ = .
 *(.data .data.* .gnu.linkonce.d.*)
 .data.SystemCoreClock
                0x0000000020000000        0x4 Output/pin_change_int_pca10040 Release/Obj/system_nrf52.o
                0x0000000020000000                SystemCoreClock
                0x0000000020000004                __data_end__ = (__data_start__ + SIZEOF (.data))
                0x0000000000000004                __data_size__ = SIZEOF (.data)
                0x0000000000000b70                __data_load_end__ = (__data_load_start__ + SIZEOF (.data))

.igot.plt       0x0000000100000000        0x0
 .igot.plt      0x0000000100000000        0x0 Output/pin_change_int_pca10040 Release/Obj/thumb_crt0.o
                0x0000000000000001                . = ASSERT (((__data_load_start__ == __data_load_end__) || ((__data_load_end__ >= __FLASH_segment_start__) && (__data_load_end__ <= __FLASH_segment_end__))), error: .data is too large to fit in FLASH memory segment)

.data_run       0x0000000020000000        0x4 load address 0x0000000000000b6c
                0x0000000020000000                __data_run_start__ = .
                0x0000000020000004                . = MAX ((__data_run_start__ + SIZEOF (.data)), .)
 *fill*         0x0000000020000000        0x4 
                0x0000000020000004                __data_run_end__ = (__data_run_start__ + SIZEOF (.data_run))
                0x0000000000000004                __data_run_size__ = SIZEOF (.data_run)
                0x0000000020000004                __data_run_load_end__ = __data_run_end__
                0x0000000000000001                . = ASSERT (((__data_run_start__ == __data_run_end__) || ((__data_run_end__ >= __RAM_segment_start__) && (__data_run_end__ <= __RAM_segment_end__))), error: .data_run is too large to fit in RAM memory segment)
                0x0000000000000b70                __tdata_load_start__ = ALIGN ((__data_load_start__ + SIZEOF (.data)), 0x4)

.tdata          0x0000000020000004        0x0 load address 0x0000000000000b70
                0x0000000020000004                __tdata_start__ = .
 *(.tdata .tdata.*)
                0x0000000020000004                __tdata_end__ = (__tdata_start__ + SIZEOF (.tdata))
                0x0000000000000000                __tdata_size__ = SIZEOF (.tdata)
                0x0000000000000b70                __tdata_load_end__ = (__tdata_load_start__ + SIZEOF (.tdata))
                0x0000000000000b70                __FLASH_segment_used_end__ = (ALIGN ((__data_load_start__ + SIZEOF (.data)), 0x4) + SIZEOF (.tdata))
                0x0000000000000b70                __FLASH_segment_used_size__ = (__FLASH_segment_used_end__ - __FLASH_segment_start__)
                0x0000000000000001                . = ASSERT (((__tdata_load_start__ == __tdata_load_end__) || ((__tdata_load_end__ >= __FLASH_segment_start__) && (__tdata_load_end__ <= __FLASH_segment_end__))), error: .tdata is too large to fit in FLASH memory segment)

.tdata_run      0x0000000020000004        0x0
                0x0000000020000004                __tdata_run_start__ = .
                0x0000000020000004                . = MAX ((__tdata_run_start__ + SIZEOF (.tdata)), .)
                0x0000000020000004                __tdata_run_end__ = (__tdata_run_start__ + SIZEOF (.tdata_run))
                0x0000000000000000                __tdata_run_size__ = SIZEOF (.tdata_run)
                0x0000000020000004                __tdata_run_load_end__ = __tdata_run_end__
                0x0000000000000001                . = ASSERT (((__tdata_run_start__ == __tdata_run_end__) || ((__tdata_run_end__ >= __RAM_segment_start__) && (__tdata_run_end__ <= __RAM_segment_end__))), error: .tdata_run is too large to fit in RAM memory segment)
                0x0000000020000004                __bss_load_start__ = ALIGN (__tdata_run_end__, 0x4)

.bss            0x0000000020000004       0x4c
                0x0000000020000004                __bss_start__ = .
 *(.bss .bss.* .gnu.linkonce.b.*)
 .bss.m_cb      0x0000000020000004       0x4c Output/pin_change_int_pca10040 Release/Obj/nrfx_gpiote.o
 *(COMMON)
                0x0000000020000050                __bss_end__ = (__bss_start__ + SIZEOF (.bss))
                0x000000000000004c                __bss_size__ = SIZEOF (.bss)
                0x0000000020000050                __bss_load_end__ = __bss_end__
                0x0000000000000001                . = ASSERT (((__bss_start__ == __bss_end__) || ((__bss_end__ >= __RAM_segment_start__) && (__bss_end__ <= __RAM_segment_end__))), error: .bss is too large to fit in RAM memory segment)
                0x0000000020000050                __tbss_load_start__ = ALIGN (__bss_end__, 0x4)

.tbss           0x0000000020000050        0x0
                0x0000000020000050                __tbss_start__ = .
 *(.tbss .tbss.*)
                0x0000000020000050                __tbss_end__ = (__tbss_start__ + SIZEOF (.tbss))
                0x0000000000000000                __tbss_size__ = SIZEOF (.tbss)
                0x0000000020000050                __tbss_load_end__ = __tbss_end__
                0x0000000000000001                . = ASSERT (((__tbss_start__ == __tbss_end__) || ((__tbss_end__ >= __RAM_segment_start__) && (__tbss_end__ <= __RAM_segment_end__))), error: .tbss is too large to fit in RAM memory segment)
                0x0000000020000050                __non_init_load_start__ = ALIGN (__tbss_end__, 0x4)

.non_init       0x0000000020000050        0x0
                0x0000000020000050                __non_init_start__ = .
 *(.non_init .non_init.*)
                0x0000000020000050                __non_init_end__ = (__non_init_start__ + SIZEOF (.non_init))
                0x0000000000000000                __non_init_size__ = SIZEOF (.non_init)
                0x0000000020000050                __non_init_load_end__ = __non_init_end__
                0x0000000000000001                . = ASSERT (((__non_init_start__ == __non_init_end__) || ((__non_init_end__ >= __RAM_segment_start__) && (__non_init_end__ <= __RAM_segment_end__))), error: .non_init is too large to fit in RAM memory segment)
                0x0000000020000050                __heap_load_start__ = ALIGN (__non_init_end__, 0x4)

.heap           0x0000000020000050     0x2000
                0x0000000020000050                __heap_start__ = .
 *(.heap .heap.*)
                0x0000000020002050                . = ALIGN (MAX ((__heap_start__ + __HEAPSIZE__), .), 0x4)
 *fill*         0x0000000020000050     0x2000 
                0x0000000020002050                __heap_end__ = (__heap_start__ + SIZEOF (.heap))
                0x0000000000002000                __heap_size__ = SIZEOF (.heap)
                0x0000000020002050                __heap_load_end__ = __heap_end__
                0x0000000000000001                . = ASSERT (((__heap_start__ == __heap_end__) || ((__heap_end__ >= __RAM_segment_start__) && (__heap_end__ <= __RAM_segment_end__))), error: .heap is too large to fit in RAM memory segment)
                0x000000002000e000                __stack_load_start__ = (__RAM_segment_end__ - 0x2000)

.stack          0x000000002000e000     0x2000
                0x000000002000e000                __stack_start__ = .
                0x000000002000e000                __StackLimit = __stack_start__
 *(.stack .stack.*)
                0x0000000020010000                . = ALIGN (MAX ((__stack_start__ + __STACKSIZE__), .), 0x8)
 *fill*         0x000000002000e000     0x2000 
                0x0000000020010000                __stack_end__ = (__stack_start__ + SIZEOF (.stack))
                0x0000000000002000                __stack_size__ = SIZEOF (.stack)
                0x0000000020010000                __StackTop = __stack_end__
                0x0000000020010000                __stack_load_end__ = __stack_end__
                0x0000000000000001                . = ASSERT (((__stack_start__ == __stack_end__) || ((__stack_end__ >= __RAM_segment_start__) && (__stack_end__ <= __RAM_segment_end__))), error: .stack is too large to fit in RAM memory segment)
                0x0000000000000001                . = ASSERT ((__heap_end__ <= __stack_start__), error: section .heap overlaps absolute placed section .stack)
                0x0000000020010000                __stack_process_load_start__ = ALIGN (__stack_end__, 0x8)

.stack_process  0x0000000020010000        0x0
                0x0000000020010000                __stack_process_start__ = .
 *(.stack_process .stack_process.*)
                0x0000000020010000                . = ALIGN (MAX ((__stack_process_start__ + __STACKSIZE_PROCESS__), .), 0x8)
                0x0000000020010000                __stack_process_end__ = (__stack_process_start__ + SIZEOF (.stack_process))
                0x0000000000000000                __stack_process_size__ = SIZEOF (.stack_process)
                0x0000000020010000                __stack_process_load_end__ = __stack_process_end__
                0x0000000020010000                __RAM_segment_used_end__ = (ALIGN (__stack_end__, 0x8) + SIZEOF (.stack_process))
                0x0000000000010000                __RAM_segment_used_size__ = (__RAM_segment_used_end__ - __RAM_segment_start__)
                0x0000000000000001                . = ASSERT (((__stack_process_start__ == __stack_process_end__) || ((__stack_process_end__ >= __RAM_segment_start__) && (__stack_process_end__ <= __RAM_segment_end__))), error: .stack_process is too large to fit in RAM memory segment)
START GROUP
LOAD Output/pin_change_int_pca10040 Release/Obj/thumb_crt0.o
LOAD Output/pin_change_int_pca10040 Release/Obj/main.o
LOAD Output/pin_change_int_pca10040 Release/Obj/boards.o
LOAD Output/pin_change_int_pca10040 Release/Obj/app_error.o
LOAD Output/pin_change_int_pca10040 Release/Obj/app_error_handler_gcc.o
LOAD Output/pin_change_int_pca10040 Release/Obj/app_error_weak.o
LOAD Output/pin_change_int_pca10040 Release/Obj/app_util_platform.o
LOAD Output/pin_change_int_pca10040 Release/Obj/nrf_assert.o
LOAD Output/pin_change_int_pca10040 Release/Obj/nrf_strerror.o
LOAD Output/pin_change_int_pca10040 Release/Obj/nrfx_gpiote.o
LOAD Output/pin_change_int_pca10040 Release/Obj/ses_nRF_Startup.o
LOAD Output/pin_change_int_pca10040 Release/Obj/ses_nrf52_Vectors.o
LOAD Output/pin_change_int_pca10040 Release/Obj/system_nrf52.o
LOAD D:/Embedded Segger 4.12/lib/libdebugio_mempoll_v7em_fpv4_sp_d16_hard_t_le_eabi.a
LOAD D:/Embedded Segger 4.12/lib/libm_v7em_fpv4_sp_d16_hard_t_le_eabi.a
LOAD D:/Embedded Segger 4.12/lib/libc_v7em_fpv4_sp_d16_hard_t_le_eabi.a
LOAD D:/Embedded Segger 4.12/lib/libcpp_v7em_fpv4_sp_d16_hard_t_le_eabi.a
LOAD D:/Embedded Segger 4.12/lib/libdebugio_v7em_fpv4_sp_d16_hard_t_le_eabi.a
LOAD D:/Embedded Segger 4.12/lib/libvfprintf_v7em_fpv4_sp_d16_hard_t_le_eabi.o
LOAD D:/Embedded Segger 4.12/lib/libvfscanf_v7em_fpv4_sp_d16_hard_t_le_eabi.o
END GROUP
OUTPUT(Output/Release/Exe/pin_change_int_pca10040.elf elf32-littlearm)

.ARM.attributes
                0x0000000000000000       0x35
 .ARM.attributes
                0x0000000000000000       0x25 Output/pin_change_int_pca10040 Release/Obj/thumb_crt0.o
 .ARM.attributes
                0x0000000000000025       0x39 Output/pin_change_int_pca10040 Release/Obj/main.o
 .ARM.attributes
                0x000000000000005e       0x39 Output/pin_change_int_pca10040 Release/Obj/app_error.o
 .ARM.attributes
                0x0000000000000097       0x39 Output/pin_change_int_pca10040 Release/Obj/app_error_weak.o
 .ARM.attributes
                0x00000000000000d0       0x39 Output/pin_change_int_pca10040 Release/Obj/nrfx_gpiote.o
 .ARM.attributes
                0x0000000000000109       0x25 Output/pin_change_int_pca10040 Release/Obj/ses_nRF_Startup.o
 .ARM.attributes
                0x000000000000012e       0x25 Output/pin_change_int_pca10040 Release/Obj/ses_nrf52_Vectors.o
 .ARM.attributes
                0x0000000000000153       0x39 Output/pin_change_int_pca10040 Release/Obj/system_nrf52.o
 .ARM.attributes
                0x000000000000018c       0x20 D:/Embedded Segger 4.12/lib/libc_v7em_fpv4_sp_d16_hard_t_le_eabi.a(libc2_asm.o)

.comment        0x0000000000000000       0x4c
 .comment       0x0000000000000000       0x4c Output/pin_change_int_pca10040 Release/Obj/main.o
                                         0x4d (size before relaxing)
 .comment       0x000000000000004c       0x4d Output/pin_change_int_pca10040 Release/Obj/app_error.o
 .comment       0x000000000000004c       0x4d Output/pin_change_int_pca10040 Release/Obj/app_error_weak.o
 .comment       0x000000000000004c       0x4d Output/pin_change_int_pca10040 Release/Obj/nrfx_gpiote.o
 .comment       0x000000000000004c       0x4d Output/pin_change_int_pca10040 Release/Obj/system_nrf52.o

.debug_line     0x0000000000000000     0x20e5
 .debug_line    0x0000000000000000      0x1c8 Output/pin_change_int_pca10040 Release/Obj/thumb_crt0.o
 .debug_line    0x00000000000001c8      0x59e Output/pin_change_int_pca10040 Release/Obj/main.o
 .debug_line    0x0000000000000766      0x2ce Output/pin_change_int_pca10040 Release/Obj/app_error.o
 .debug_line    0x0000000000000a34      0x5dc Output/pin_change_int_pca10040 Release/Obj/app_error_weak.o
 .debug_line    0x0000000000001010      0xce7 Output/pin_change_int_pca10040 Release/Obj/nrfx_gpiote.o
 .debug_line    0x0000000000001cf7       0xa7 Output/pin_change_int_pca10040 Release/Obj/ses_nRF_Startup.o
 .debug_line    0x0000000000001d9e       0xb0 Output/pin_change_int_pca10040 Release/Obj/ses_nrf52_Vectors.o
 .debug_line    0x0000000000001e4e      0x297 Output/pin_change_int_pca10040 Release/Obj/system_nrf52.o

.debug_info     0x0000000000000000     0x5bd6
 .debug_info    0x0000000000000000       0x22 Output/pin_change_int_pca10040 Release/Obj/thumb_crt0.o
 .debug_info    0x0000000000000022      0x964 Output/pin_change_int_pca10040 Release/Obj/main.o
 .debug_info    0x0000000000000986      0x7e8 Output/pin_change_int_pca10040 Release/Obj/app_error.o
 .debug_info    0x000000000000116e      0x94a Output/pin_change_int_pca10040 Release/Obj/app_error_weak.o
 .debug_info    0x0000000000001ab8     0x300e Output/pin_change_int_pca10040 Release/Obj/nrfx_gpiote.o
 .debug_info    0x0000000000004ac6       0x26 Output/pin_change_int_pca10040 Release/Obj/ses_nRF_Startup.o
 .debug_info    0x0000000000004aec       0x26 Output/pin_change_int_pca10040 Release/Obj/ses_nrf52_Vectors.o
 .debug_info    0x0000000000004b12     0x10c4 Output/pin_change_int_pca10040 Release/Obj/system_nrf52.o

.debug_abbrev   0x0000000000000000      0xcd3
 .debug_abbrev  0x0000000000000000       0x12 Output/pin_change_int_pca10040 Release/Obj/thumb_crt0.o
 .debug_abbrev  0x0000000000000012      0x241 Output/pin_change_int_pca10040 Release/Obj/main.o
 .debug_abbrev  0x0000000000000253      0x1a9 Output/pin_change_int_pca10040 Release/Obj/app_error.o
 .debug_abbrev  0x00000000000003fc      0x1c6 Output/pin_change_int_pca10040 Release/Obj/app_error_weak.o
 .debug_abbrev  0x00000000000005c2      0x4e1 Output/pin_change_int_pca10040 Release/Obj/nrfx_gpiote.o
 .debug_abbrev  0x0000000000000aa3       0x14 Output/pin_change_int_pca10040 Release/Obj/ses_nRF_Startup.o
 .debug_abbrev  0x0000000000000ab7       0x14 Output/pin_change_int_pca10040 Release/Obj/ses_nrf52_Vectors.o
 .debug_abbrev  0x0000000000000acb      0x208 Output/pin_change_int_pca10040 Release/Obj/system_nrf52.o

.debug_aranges  0x0000000000000000      0x260
 .debug_aranges
                0x0000000000000000       0x80 Output/pin_change_int_pca10040 Release/Obj/thumb_crt0.o
 .debug_aranges
                0x0000000000000080       0x28 Output/pin_change_int_pca10040 Release/Obj/main.o
 .debug_aranges
                0x00000000000000a8       0x28 Output/pin_change_int_pca10040 Release/Obj/app_error.o
 .debug_aranges
                0x00000000000000d0       0x20 Output/pin_change_int_pca10040 Release/Obj/app_error_weak.o
 .debug_aranges
                0x00000000000000f0       0xf8 Output/pin_change_int_pca10040 Release/Obj/nrfx_gpiote.o
 .debug_aranges
                0x00000000000001e8       0x20 Output/pin_change_int_pca10040 Release/Obj/ses_nRF_Startup.o
 .debug_aranges
                0x0000000000000208       0x20 Output/pin_change_int_pca10040 Release/Obj/ses_nrf52_Vectors.o
 .debug_aranges
                0x0000000000000228       0x38 Output/pin_change_int_pca10040 Release/Obj/system_nrf52.o

.debug_str      0x0000000000000000    0x6c13a
 .debug_str     0x0000000000000000       0x9b Output/pin_change_int_pca10040 Release/Obj/thumb_crt0.o
 .debug_str     0x000000000000009b    0x669b0 Output/pin_change_int_pca10040 Release/Obj/main.o
                                      0x67727 (size before relaxing)
 .debug_str     0x0000000000066a4b      0x11e Output/pin_change_int_pca10040 Release/Obj/app_error.o
                                      0x5d1c3 (size before relaxing)
 .debug_str     0x0000000000066b69     0x3ae7 Output/pin_change_int_pca10040 Release/Obj/app_error_weak.o
                                      0x66d5f (size before relaxing)
 .debug_str     0x000000000006a650     0x15a0 Output/pin_change_int_pca10040 Release/Obj/nrfx_gpiote.o
                                      0x6a176 (size before relaxing)
 .debug_str     0x000000000006bbf0       0x4e Output/pin_change_int_pca10040 Release/Obj/ses_nRF_Startup.o
                                         0xbd (size before relaxing)
 .debug_str     0x000000000006bc3e       0x50 Output/pin_change_int_pca10040 Release/Obj/ses_nrf52_Vectors.o
                                         0xbf (size before relaxing)
 .debug_str     0x000000000006bc8e      0x4ac Output/pin_change_int_pca10040 Release/Obj/system_nrf52.o
                                      0x5bb11 (size before relaxing)

.debug_ranges   0x0000000000000000      0x538
 .debug_ranges  0x0000000000000000       0x78 Output/pin_change_int_pca10040 Release/Obj/thumb_crt0.o
 .debug_ranges  0x0000000000000078       0x18 Output/pin_change_int_pca10040 Release/Obj/main.o
 .debug_ranges  0x0000000000000090       0x18 Output/pin_change_int_pca10040 Release/Obj/app_error.o
 .debug_ranges  0x00000000000000a8       0x10 Output/pin_change_int_pca10040 Release/Obj/app_error_weak.o
 .debug_ranges  0x00000000000000b8      0x458 Output/pin_change_int_pca10040 Release/Obj/nrfx_gpiote.o
 .debug_ranges  0x0000000000000510       0x28 Output/pin_change_int_pca10040 Release/Obj/system_nrf52.o

.debug_frame    0x0000000000000000      0x3b4
 .debug_frame   0x0000000000000000       0x3c Output/pin_change_int_pca10040 Release/Obj/main.o
 .debug_frame   0x000000000000003c       0x58 Output/pin_change_int_pca10040 Release/Obj/app_error.o
 .debug_frame   0x0000000000000094       0x20 Output/pin_change_int_pca10040 Release/Obj/app_error_weak.o
 .debug_frame   0x00000000000000b4      0x2a4 Output/pin_change_int_pca10040 Release/Obj/nrfx_gpiote.o
 .debug_frame   0x0000000000000358       0x5c Output/pin_change_int_pca10040 Release/Obj/system_nrf52.o

.debug_loc      0x0000000000000000     0x18b6
 .debug_loc     0x0000000000000000       0xa4 Output/pin_change_int_pca10040 Release/Obj/main.o
 .debug_loc     0x00000000000000a4       0xb5 Output/pin_change_int_pca10040 Release/Obj/app_error.o
 .debug_loc     0x0000000000000159       0x42 Output/pin_change_int_pca10040 Release/Obj/app_error_weak.o
 .debug_loc     0x000000000000019b     0x171b Output/pin_change_int_pca10040 Release/Obj/nrfx_gpiote.o

.debug_pubnames
                0x0000000000000000     0x1752
 .debug_pubnames
                0x0000000000000000      0x126 Output/pin_change_int_pca10040 Release/Obj/main.o
 .debug_pubnames
                0x0000000000000126       0x6c Output/pin_change_int_pca10040 Release/Obj/app_error.o
 .debug_pubnames
                0x0000000000000192      0x10e Output/pin_change_int_pca10040 Release/Obj/app_error_weak.o
 .debug_pubnames
                0x00000000000002a0     0x1393 Output/pin_change_int_pca10040 Release/Obj/nrfx_gpiote.o
 .debug_pubnames
                0x0000000000001633      0x11f Output/pin_change_int_pca10040 Release/Obj/system_nrf52.o

.debug_pubtypes
                0x0000000000000000      0xbe6
 .debug_pubtypes
                0x0000000000000000      0x298 Output/pin_change_int_pca10040 Release/Obj/main.o
 .debug_pubtypes
                0x0000000000000298      0x1e2 Output/pin_change_int_pca10040 Release/Obj/app_error.o
 .debug_pubtypes
                0x000000000000047a      0x1fa Output/pin_change_int_pca10040 Release/Obj/app_error_weak.o
 .debug_pubtypes
                0x0000000000000674      0x3cb Output/pin_change_int_pca10040 Release/Obj/nrfx_gpiote.o
 .debug_pubtypes
                0x0000000000000a3f      0x1a7 Output/pin_change_int_pca10040 Release/Obj/system_nrf52.o

.debug_macro    0x0000000000000000    0x12a83
 .debug_macro   0x0000000000000000      0x23d Output/pin_change_int_pca10040 Release/Obj/main.o
 .debug_macro   0x000000000000023d      0xa9c Output/pin_change_int_pca10040 Release/Obj/main.o
 .debug_macro   0x0000000000000cd9       0x22 Output/pin_change_int_pca10040 Release/Obj/main.o
 .debug_macro   0x0000000000000cfb       0x22 Output/pin_change_int_pca10040 Release/Obj/main.o
 .debug_macro   0x0000000000000d1d       0x2d Output/pin_change_int_pca10040 Release/Obj/main.o
 .debug_macro   0x0000000000000d4a      0x1a3 Output/pin_change_int_pca10040 Release/Obj/main.o
 .debug_macro   0x0000000000000eed       0x35 Output/pin_change_int_pca10040 Release/Obj/main.o
 .debug_macro   0x0000000000000f22       0x50 Output/pin_change_int_pca10040 Release/Obj/main.o
 .debug_macro   0x0000000000000f72      0xe66 Output/pin_change_int_pca10040 Release/Obj/main.o
 .debug_macro   0x0000000000001dd8      0x392 Output/pin_change_int_pca10040 Release/Obj/main.o
 .debug_macro   0x000000000000216a     0xccbe Output/pin_change_int_pca10040 Release/Obj/main.o
 .debug_macro   0x000000000000ee28     0x1313 Output/pin_change_int_pca10040 Release/Obj/main.o
 .debug_macro   0x000000000001013b       0x82 Output/pin_change_int_pca10040 Release/Obj/main.o
 .debug_macro   0x00000000000101bd       0x22 Output/pin_change_int_pca10040 Release/Obj/main.o
 .debug_macro   0x00000000000101df      0x5ce Output/pin_change_int_pca10040 Release/Obj/main.o
 .debug_macro   0x00000000000107ad       0x89 Output/pin_change_int_pca10040 Release/Obj/main.o
 .debug_macro   0x0000000000010836       0x1c Output/pin_change_int_pca10040 Release/Obj/main.o
 .debug_macro   0x0000000000010852      0x3a3 Output/pin_change_int_pca10040 Release/Obj/main.o
 .debug_macro   0x0000000000010bf5       0x36 Output/pin_change_int_pca10040 Release/Obj/main.o
 .debug_macro   0x0000000000010c2b       0x81 Output/pin_change_int_pca10040 Release/Obj/main.o
 .debug_macro   0x0000000000010cac      0x125 Output/pin_change_int_pca10040 Release/Obj/main.o
 .debug_macro   0x0000000000010dd1       0x16 Output/pin_change_int_pca10040 Release/Obj/main.o
 .debug_macro   0x0000000000010de7      0x16d Output/pin_change_int_pca10040 Release/Obj/main.o
 .debug_macro   0x0000000000010f54      0x4f2 Output/pin_change_int_pca10040 Release/Obj/main.o
 .debug_macro   0x0000000000011446       0x3f Output/pin_change_int_pca10040 Release/Obj/main.o
 .debug_macro   0x0000000000011485       0x72 Output/pin_change_int_pca10040 Release/Obj/main.o
 .debug_macro   0x00000000000114f7       0x8e Output/pin_change_int_pca10040 Release/Obj/main.o
 .debug_macro   0x0000000000011585       0xa7 Output/pin_change_int_pca10040 Release/Obj/main.o
 .debug_macro   0x000000000001162c       0x49 Output/pin_change_int_pca10040 Release/Obj/main.o
 .debug_macro   0x0000000000011675       0x8c Output/pin_change_int_pca10040 Release/Obj/main.o
 .debug_macro   0x0000000000011701       0x19 Output/pin_change_int_pca10040 Release/Obj/main.o
 .debug_macro   0x000000000001171a       0x16 Output/pin_change_int_pca10040 Release/Obj/main.o
 .debug_macro   0x0000000000011730       0x7b Output/pin_change_int_pca10040 Release/Obj/main.o
 .debug_macro   0x00000000000117ab       0x64 Output/pin_change_int_pca10040 Release/Obj/main.o
 .debug_macro   0x000000000001180f       0x20 Output/pin_change_int_pca10040 Release/Obj/main.o
 .debug_macro   0x000000000001182f       0x25 Output/pin_change_int_pca10040 Release/Obj/main.o
 .debug_macro   0x0000000000011854       0x1c Output/pin_change_int_pca10040 Release/Obj/main.o
 .debug_macro   0x0000000000011870       0x44 Output/pin_change_int_pca10040 Release/Obj/main.o
 .debug_macro   0x00000000000118b4       0xcc Output/pin_change_int_pca10040 Release/Obj/main.o
 .debug_macro   0x0000000000011980      0x25a Output/pin_change_int_pca10040 Release/Obj/main.o
 .debug_macro   0x0000000000011bda      0x16d Output/pin_change_int_pca10040 Release/Obj/main.o
 .debug_macro   0x0000000000011d47       0xfa Output/pin_change_int_pca10040 Release/Obj/app_error.o
 .debug_macro   0x0000000000011e41       0x78 Output/pin_change_int_pca10040 Release/Obj/app_error.o
 .debug_macro   0x0000000000011eb9      0x21b Output/pin_change_int_pca10040 Release/Obj/app_error_weak.o
 .debug_macro   0x00000000000120d4       0x31 Output/pin_change_int_pca10040 Release/Obj/app_error_weak.o
 .debug_macro   0x0000000000012105       0x16 Output/pin_change_int_pca10040 Release/Obj/app_error_weak.o
 .debug_macro   0x000000000001211b       0x49 Output/pin_change_int_pca10040 Release/Obj/app_error_weak.o
 .debug_macro   0x0000000000012164      0x17d Output/pin_change_int_pca10040 Release/Obj/app_error_weak.o
 .debug_macro   0x00000000000122e1       0x9a Output/pin_change_int_pca10040 Release/Obj/app_error_weak.o
 .debug_macro   0x000000000001237b       0x28 Output/pin_change_int_pca10040 Release/Obj/app_error_weak.o
 .debug_macro   0x00000000000123a3       0x22 Output/pin_change_int_pca10040 Release/Obj/app_error_weak.o
 .debug_macro   0x00000000000123c5       0x98 Output/pin_change_int_pca10040 Release/Obj/app_error_weak.o
 .debug_macro   0x000000000001245d       0x10 Output/pin_change_int_pca10040 Release/Obj/app_error_weak.o
 .debug_macro   0x000000000001246d       0x1c Output/pin_change_int_pca10040 Release/Obj/app_error_weak.o
 .debug_macro   0x0000000000012489      0x2cc Output/pin_change_int_pca10040 Release/Obj/nrfx_gpiote.o
 .debug_macro   0x0000000000012755       0x16 Output/pin_change_int_pca10040 Release/Obj/nrfx_gpiote.o
 .debug_macro   0x000000000001276b       0x1c Output/pin_change_int_pca10040 Release/Obj/nrfx_gpiote.o
 .debug_macro   0x0000000000012787       0x54 Output/pin_change_int_pca10040 Release/Obj/nrfx_gpiote.o
 .debug_macro   0x00000000000127db       0x37 Output/pin_change_int_pca10040 Release/Obj/nrfx_gpiote.o
 .debug_macro   0x0000000000012812       0x10 Output/pin_change_int_pca10040 Release/Obj/nrfx_gpiote.o
 .debug_macro   0x0000000000012822      0x177 Output/pin_change_int_pca10040 Release/Obj/nrfx_gpiote.o
 .debug_macro   0x0000000000012999       0x42 Output/pin_change_int_pca10040 Release/Obj/nrfx_gpiote.o
 .debug_macro   0x00000000000129db       0xa8 Output/pin_change_int_pca10040 Release/Obj/system_nrf52.o
