Archive member included to satisfy reference by file (symbol)

D:/Embedded Segger 4.12/lib/libc_v7em_fpv4_sp_d16_hard_t_le_eabi.a(libc2.o)
                              Output/ble_app_blinky_pca10040_s132 Release/Obj/nrf_log_str_formatter.o (isprint)
D:/Embedded Segger 4.12/lib/libc_v7em_fpv4_sp_d16_hard_t_le_eabi.a(libc2_asm.o)
                              Output/ble_app_blinky_pca10040_s132 Release/Obj/nrf_log_frontend.o (memcpy)
D:/Embedded Segger 4.12/lib/libc_v7em_fpv4_sp_d16_hard_t_le_eabi.a(libc.o)
                              D:/Embedded Segger 4.12/lib/libc_v7em_fpv4_sp_d16_hard_t_le_eabi.a(libc2.o) (__heap_lock)
D:/Embedded Segger 4.12/lib/libc_v7em_fpv4_sp_d16_hard_t_le_eabi.a(libc_asm.o)
                              D:/Embedded Segger 4.12/lib/libc_v7em_fpv4_sp_d16_hard_t_le_eabi.a(libc2.o) (__aeabi_uldivmod)
D:/Embedded Segger 4.12/lib/libdebugio_v7em_fpv4_sp_d16_hard_t_le_eabi.a(libdebugio.o)
                              Output/ble_app_blinky_pca10040_s132 Release/Obj/thumb_crt0.o (debug_fopen)
D:/Embedded Segger 4.12/lib/libdebugio_mempoll_v7em_fpv4_sp_d16_hard_t_le_eabi.a(mempoll_debug_operations.o)
                              D:/Embedded Segger 4.12/lib/libdebugio_v7em_fpv4_sp_d16_hard_t_le_eabi.a(libdebugio.o) (__do_debug_operation)
D:/Embedded Segger 4.12/lib/libdebugio_mempoll_v7em_fpv4_sp_d16_hard_t_le_eabi.a(do_nv_debug_operation.o)
                              D:/Embedded Segger 4.12/lib/libdebugio_v7em_fpv4_sp_d16_hard_t_le_eabi.a(libdebugio.o) (__do_nvdebug_operation)
D:/Embedded Segger 4.12/lib/libm_v7em_fpv4_sp_d16_hard_t_le_eabi.a(libm_asm.o)
                              D:/Embedded Segger 4.12/lib/libc_v7em_fpv4_sp_d16_hard_t_le_eabi.a(libc2.o) (__aeabi_i2d)
D:/Embedded Segger 4.12/lib/libm_v7em_fpv4_sp_d16_hard_t_le_eabi.a(libm2.o)
                              D:/Embedded Segger 4.12/lib/libvfprintf_v7em_fpv4_sp_d16_hard_t_le_eabi.o (frexp)
D:/Embedded Segger 4.12/lib/libm_v7em_fpv4_sp_d16_hard_t_le_eabi.a(libm2_asm.o)
                              D:/Embedded Segger 4.12/lib/libm_v7em_fpv4_sp_d16_hard_t_le_eabi.a(libm2.o) (fabs)

Discarded input sections

 .text          0x0000000000000000        0x0 Output/ble_app_blinky_pca10040_s132 Release/Obj/thumb_crt0.o
 .data          0x0000000000000000        0x0 Output/ble_app_blinky_pca10040_s132 Release/Obj/thumb_crt0.o
 .bss           0x0000000000000000        0x0 Output/ble_app_blinky_pca10040_s132 Release/Obj/thumb_crt0.o
 .text.__aeabi_read_tp
                0x0000000000000000        0x8 Output/ble_app_blinky_pca10040_s132 Release/Obj/thumb_crt0.o
 .text.abort    0x0000000000000000        0x2 Output/ble_app_blinky_pca10040_s132 Release/Obj/thumb_crt0.o
 .text.__assert
                0x0000000000000000        0x2 Output/ble_app_blinky_pca10040_s132 Release/Obj/thumb_crt0.o
 .text.__aeabi_assert
                0x0000000000000000        0x2 Output/ble_app_blinky_pca10040_s132 Release/Obj/thumb_crt0.o
 .text.__sync_synchronize
                0x0000000000000000        0x2 Output/ble_app_blinky_pca10040_s132 Release/Obj/thumb_crt0.o
 .text.__getchar
                0x0000000000000000        0x4 Output/ble_app_blinky_pca10040_s132 Release/Obj/thumb_crt0.o
 .text.__putchar
                0x0000000000000000        0x4 Output/ble_app_blinky_pca10040_s132 Release/Obj/thumb_crt0.o
 .text.__open   0x0000000000000000        0x4 Output/ble_app_blinky_pca10040_s132 Release/Obj/thumb_crt0.o
 .text.__close  0x0000000000000000        0x4 Output/ble_app_blinky_pca10040_s132 Release/Obj/thumb_crt0.o
 .text.__write  0x0000000000000000        0xa Output/ble_app_blinky_pca10040_s132 Release/Obj/thumb_crt0.o
 .text.__read   0x0000000000000000        0xa Output/ble_app_blinky_pca10040_s132 Release/Obj/thumb_crt0.o
 .text.__seek   0x0000000000000000       0x1a Output/ble_app_blinky_pca10040_s132 Release/Obj/thumb_crt0.o
 .bss.__user_locale_name_buffer
                0x0000000000000000        0x4 Output/ble_app_blinky_pca10040_s132 Release/Obj/thumb_crt0.o
 .stack         0x0000000000000000        0x0 Output/ble_app_blinky_pca10040_s132 Release/Obj/thumb_crt0.o
 .stack_process
                0x0000000000000000        0x0 Output/ble_app_blinky_pca10040_s132 Release/Obj/thumb_crt0.o
 .heap          0x0000000000000000        0x0 Output/ble_app_blinky_pca10040_s132 Release/Obj/thumb_crt0.o
 .group         0x0000000000000000        0xc Output/ble_app_blinky_pca10040_s132 Release/Obj/nrf_log_backend_rtt.o
 .group         0x0000000000000000        0xc Output/ble_app_blinky_pca10040_s132 Release/Obj/nrf_log_backend_rtt.o
 .group         0x0000000000000000        0xc Output/ble_app_blinky_pca10040_s132 Release/Obj/nrf_log_backend_rtt.o
 .group         0x0000000000000000        0xc Output/ble_app_blinky_pca10040_s132 Release/Obj/nrf_log_backend_rtt.o
 .group         0x0000000000000000        0xc Output/ble_app_blinky_pca10040_s132 Release/Obj/nrf_log_backend_rtt.o
[...]
Memory Configuration

Name             Origin             Length             Attributes
UNPLACED_SECTIONS 0x0000000100000000 0x0000000000000000 xw
RAM              0x0000000020000000 0x0000000000010000 xw
FLASH            0x0000000000000000 0x0000000000080000 xw
*default*        0x0000000000000000 0xffffffffffffffff

Linker script and memory map

                0x0000000000000000                __vfprintf = __vfprintf_long
                0x0000000000000000                __vfscanf = __vfscanf_int
                0x0000000020000000                __RAM_segment_start__ = 0x20000000
                0x0000000020010000                __RAM_segment_end__ = 0x20010000
                0x0000000000010000                __RAM_segment_size__ = 0x10000
                0x0000000000000000                __FLASH_segment_start__ = 0x0
                0x0000000000080000                __FLASH_segment_end__ = 0x80000
                0x0000000000080000                __FLASH_segment_size__ = 0x80000
                0x0000000000002000                __HEAPSIZE__ = 0x2000
                0x0000000000000000                __STACKSIZE_PROCESS__ = 0x0
                0x0000000000002000                __STACKSIZE__ = 0x2000
                0x0000000020000000                __reserved_ram_load_start__ = 0x20000000

.reserved_ram   0x0000000020000000     0x22b8
                0x0000000020000000                __reserved_ram_start__ = .
 *(.reserved_ram .reserved_ram.*)
                0x00000000200022b8                . = MAX (((__reserved_ram_start__ + 0x200022b8) - 0x20000000), .)
 *fill*         0x0000000020000000     0x22b8 
                0x00000000200022b8                __reserved_ram_end__ = (__reserved_ram_start__ + SIZEOF (.reserved_ram))
                0x00000000000022b8                __reserved_ram_size__ = SIZEOF (.reserved_ram)
                0x00000000200022b8                __reserved_ram_load_end__ = __reserved_ram_end__
                0x0000000000000001                . = ASSERT (((__reserved_ram_start__ == __reserved_ram_end__) || ((__reserved_ram_end__ >= __RAM_segment_start__) && (__reserved_ram_end__ <= __RAM_segment_end__))), error: .reserved_ram is too large to fit in RAM memory segment)
                0x00000000200022b8                __vectors_ram_load_start__ = 0x200022b8

.vectors_ram    0x00000000200022b8        0x0
                0x00000000200022b8                __vectors_ram_start__ = .
                0x00000000200022b8                __app_ram_start__ = __vectors_ram_start__
 *(.vectors_ram .vectors_ram.*)
                0x00000000200022b8                __vectors_ram_end__ = (__vectors_ram_start__ + SIZEOF (.vectors_ram))
                0x0000000000000000                __vectors_ram_size__ = SIZEOF (.vectors_ram)
                0x00000000200022b8                __vectors_ram_load_end__ = __vectors_ram_end__
                0x0000000000000001                . = ASSERT (((__vectors_ram_start__ == __vectors_ram_end__) || ((__vectors_ram_end__ >= __RAM_segment_start__) && (__vectors_ram_end__ <= __RAM_segment_end__))), error: .vectors_ram is too large to fit in RAM memory segment)
                0x0000000000000001                . = ASSERT ((__reserved_ram_end__ <= __vectors_ram_start__), error: section .reserved_ram overlaps absolute placed section .vectors_ram)
                0x00000000200022b8                __nrf_sections_run_load_start__ = ALIGN (__vectors_ram_end__, 0x4)

.nrf_sections_run
                0x00000000200022b8        0x0
                0x00000000200022b8                __nrf_sections_run_start__ = .
                0x00000000200022b8                __start_nrf_sections_run = __nrf_sections_run_start__
 *(.nrf_sections_run .nrf_sections_run.*)
                0x00000000200022b8                __nrf_sections_run_end__ = (__nrf_sections_run_start__ + SIZEOF (.nrf_sections_run))
                0x0000000000000000                __nrf_sections_run_size__ = SIZEOF (.nrf_sections_run)
                0x00000000200022b8                __nrf_sections_run_load_end__ = __nrf_sections_run_end__
                0x0000000000000001                . = ASSERT (((__nrf_sections_run_start__ == __nrf_sections_run_end__) || ((__nrf_sections_run_end__ >= __RAM_segment_start__) && (__nrf_sections_run_end__ <= __RAM_segment_end__))), error: .nrf_sections_run is too large to fit in RAM memory segment)
                0x0000000000000000                __reserved_flash_load_start__ = 0x0

.reserved_flash
                0x0000000000000000    0x26000
                0x0000000000000000                __reserved_flash_start__ = .
 *(.reserved_flash .reserved_flash.*)
                0x0000000000026000                . = MAX (((__reserved_flash_start__ + 0x26000) - 0x0), .)
 *fill*         0x0000000000000000    0x26000 
                0x0000000000026000                __reserved_flash_end__ = (__reserved_flash_start__ + SIZEOF (.reserved_flash))
                0x0000000000026000                __reserved_flash_size__ = SIZEOF (.reserved_flash)
                0x0000000000026000                __reserved_flash_load_end__ = __reserved_flash_end__
                0x0000000000000001                . = ASSERT (((__reserved_flash_start__ == __reserved_flash_end__) || ((__reserved_flash_end__ >= __FLASH_segment_start__) && (__reserved_flash_end__ <= __FLASH_segment_end__))), error: .reserved_flash is too large to fit in FLASH memory segment)
                0x0000000000026000                __vectors_load_start__ = 0x26000

.vectors        0x0000000000026000       0xdc
                0x0000000000026000                __vectors_start__ = .
 *(.vectors .vectors.*)
 .vectors       0x0000000000026000       0xdc Output/ble_app_blinky_pca10040_s132 Release/Obj/ses_nrf52_Vectors.o
                0x0000000000026000                _vectors
                0x00000000000260dc                __vectors_end__ = (__vectors_start__ + SIZEOF (.vectors))
                0x00000000000000dc                __vectors_size__ = SIZEOF (.vectors)
                0x00000000000260dc                __vectors_load_end__ = __vectors_end__
                0x0000000000000001                . = ASSERT (((__vectors_start__ == __vectors_end__) || ((__vectors_end__ >= __FLASH_segment_start__) && (__vectors_end__ <= __FLASH_segment_end__))), error: .vectors is too large to fit in FLASH memory segment)
                0x0000000000000001                . = ASSERT ((__reserved_flash_end__ <= __vectors_start__), error: section .reserved_flash overlaps absolute placed section .vectors)
                0x00000000000260dc                __init_load_start__ = ALIGN (__vectors_end__, 0x4)

.init           0x00000000000260dc      0x218
                0x00000000000260dc                __init_start__ = .
 *(.init .init.*)
 .init          0x00000000000260dc      0x160 Output/ble_app_blinky_pca10040_s132 Release/Obj/thumb_crt0.o
                0x00000000000260dc                _start
                0x0000000000026192                exit
 .init          0x000000000002623c       0x58 Output/ble_app_blinky_pca10040_s132 Release/Obj/ses_nRF_Startup.o
                0x000000000002623c                Reset_Handler
                0x0000000000026260                InitializeUserMemorySections
 .init          0x0000000000026294       0x60 Output/ble_app_blinky_pca10040_s132 Release/Obj/ses_nrf52_Vectors.o
                0x0000000000026294                NMI_Handler
                0x0000000000026296                HardFault_Handler
                0x0000000000026298                MemoryManagement_Handler
                0x000000000002629a                BusFault_Handler
                0x000000000002629c                UsageFault_Handler
                0x000000000002629e                SVC_Handler
                0x00000000000262a0                DebugMon_Handler
                0x00000000000262a2                PendSV_Handler
                0x00000000000262a4                SysTick_Handler
                0x00000000000262aa                RADIO_IRQHandler
                0x00000000000262ae                SPIM0_SPIS0_TWIM0_TWIS0_SPI0_TWI0_IRQHandler
                0x00000000000262b0                SPIM1_SPIS1_TWIM1_TWIS1_SPI1_TWI1_IRQHandler
                0x00000000000262b2                NFCT_IRQHandler
                0x00000000000262b6                SAADC_IRQHandler
                0x00000000000262b8                TIMER0_IRQHandler
                0x00000000000262ba                TIMER1_IRQHandler
                0x00000000000262bc                TIMER2_IRQHandler
                0x00000000000262be                RTC0_IRQHandler
                0x00000000000262c0                TEMP_IRQHandler
                0x00000000000262c2                RNG_IRQHandler
                0x00000000000262c4                ECB_IRQHandler
                0x00000000000262c6                CCM_AAR_IRQHandler
                0x00000000000262c8                WDT_IRQHandler
                0x00000000000262cc                QDEC_IRQHandler
                0x00000000000262ce                COMP_LPCOMP_IRQHandler
                0x00000000000262d2                SWI1_EGU1_IRQHandler
                0x00000000000262d6                SWI3_EGU3_IRQHandler
                0x00000000000262d8                SWI4_EGU4_IRQHandler
                0x00000000000262da                SWI5_EGU5_IRQHandler
                0x00000000000262dc                TIMER3_IRQHandler
                0x00000000000262de                TIMER4_IRQHandler
                0x00000000000262e0                PWM0_IRQHandler
                0x00000000000262e2                PDM_IRQHandler
                0x00000000000262e4                MWU_IRQHandler
                0x00000000000262e6                PWM1_IRQHandler
                0x00000000000262e8                PWM2_IRQHandler
                0x00000000000262ea                SPIM2_SPIS2_SPI2_IRQHandler
                0x00000000000262ec                RTC2_IRQHandler
                0x00000000000262ee                I2S_IRQHandler
                0x00000000000262f0                FPU_IRQHandler
                0x00000000000262f4                __init_end__ = (__init_start__ + SIZEOF (.init))
                0x0000000000000218                __init_size__ = SIZEOF (.init)
                0x00000000000262f4                __init_load_end__ = __init_end__
                0x0000000000000001                . = ASSERT (((__init_start__ == __init_end__) || ((__init_end__ >= __FLASH_segment_start__) && (__init_end__ <= __FLASH_segment_end__))), error: .init is too large to fit in FLASH memory segment)
                0x00000000000262f4                __init_rodata_load_start__ = ALIGN (__init_end__, 0x4)

.init_rodata    0x00000000000262f4        0x0
                0x00000000000262f4                __init_rodata_start__ = .
 *(.init_rodata .init_rodata.*)
                0x00000000000262f4                __init_rodata_end__ = (__init_rodata_start__ + SIZEOF (.init_rodata))
                0x0000000000000000                __init_rodata_size__ = SIZEOF (.init_rodata)
                0x00000000000262f4                __init_rodata_load_end__ = __init_rodata_end__
                0x0000000000000001                . = ASSERT (((__init_rodata_start__ == __init_rodata_end__) || ((__init_rodata_end__ >= __FLASH_segment_start__) && (__init_rodata_end__ <= __FLASH_segment_end__))), error: .init_rodata is too large to fit in FLASH memory segment)
                0x00000000000262f4                __text_load_start__ = ALIGN (__init_rodata_end__, 0x4)

.text           0x00000000000262f4     0x444e
                0x00000000000262f4                __text_start__ = .
 *(.text .text.* .glue_7t .glue_7 .gnu.linkonce.t.* .gcc_except_table .ARM.extab* .gnu.linkonce.armextab.*)
 .glue_7        0x00000000000262f4        0x0 linker stubs
 .glue_7t       0x00000000000262f4        0x0 linker stubs
 .text.nrf_log_backend_serial_put
                0x00000000000262f4       0xcc Output/ble_app_blinky_pca10040_s132 Release/Obj/nrf_log_backend_serial.o
                0x00000000000262f4                nrf_log_backend_serial_put
 .text.uart_evt_handler
                0x00000000000263c0        0xc Output/ble_app_blinky_pca10040_s132 Release/Obj/nrf_log_backend_uart.o
 .text.nrf_log_backend_uart_flush
                0x00000000000263cc        0x2 Output/ble_app_blinky_pca10040_s132 Release/Obj/nrf_log_backend_uart.o
 *fill*         0x00000000000263ce        0x2 
 .text.uart_init
                0x00000000000263d0       0x4c Output/ble_app_blinky_pca10040_s132 Release/Obj/nrf_log_backend_uart.o
 .text.nrf_log_backend_uart_put
                0x000000000002641c       0x1c Output/ble_app_blinky_pca10040_s132 Release/Obj/nrf_log_backend_uart.o
 .text.serial_tx
                0x0000000000026438       0x48 Output/ble_app_blinky_pca10040_s132 Release/Obj/nrf_log_backend_uart.o
 .text.nrf_log_backend_uart_panic_set
                0x0000000000026480       0x2c Output/ble_app_blinky_pca10040_s132 Release/Obj/nrf_log_backend_uart.o
 .text.nrf_log_backend_uart_init
                0x00000000000264ac        0x6 Output/ble_app_blinky_pca10040_s132 Release/Obj/nrf_log_backend_uart.o
                0x00000000000264ac                nrf_log_backend_uart_init
 *fill*         0x00000000000264b2        0x2 
 .text.nrf_log_default_backends_init
                0x00000000000264b4       0x1c Output/ble_app_blinky_pca10040_s132 Release/Obj/nrf_log_default_backends.o
                0x00000000000264b4                nrf_log_default_backends_init
 .text.invalid_packets_pushed_str_omit
                0x00000000000264d0       0x50 Output/ble_app_blinky_pca10040_s132 Release/Obj/nrf_log_frontend.o
 .text.buf_prealloc
                0x0000000000026520      0x134 Output/ble_app_blinky_pca10040_s132 Release/Obj/nrf_log_frontend.o
 .text.nrf_log_init
                0x0000000000026654       0x50 Output/ble_app_blinky_pca10040_s132 Release/Obj/nrf_log_frontend.o
                0x0000000000026654                nrf_log_init
 .text.nrf_log_module_name_get
                0x00000000000266a4       0x3c Output/ble_app_blinky_pca10040_s132 Release/Obj/nrf_log_frontend.o
                0x00000000000266a4                nrf_log_module_name_get
 .text.nrf_log_color_id_get
                0x00000000000266e0       0x2c Output/ble_app_blinky_pca10040_s132 Release/Obj/nrf_log_frontend.o
                0x00000000000266e0                nrf_log_color_id_get
 .text.buffer_is_empty
                0x000000000002670c       0x14 Output/ble_app_blinky_pca10040_s132 Release/Obj/nrf_log_frontend.o
                0x000000000002670c                buffer_is_empty
 .text.nrf_log_frontend_dequeue
                0x0000000000026720      0x214 Output/ble_app_blinky_pca10040_s132 Release/Obj/nrf_log_frontend.o
                0x0000000000026720                nrf_log_frontend_dequeue
 .text.std_n    0x0000000000026934       0xb0 Output/ble_app_blinky_pca10040_s132 Release/Obj/nrf_log_frontend.o
 .text.nrf_log_frontend_std_0
                0x00000000000269e4        0x8 Output/ble_app_blinky_pca10040_s132 Release/Obj/nrf_log_frontend.o
                0x00000000000269e4                nrf_log_frontend_std_0
 .text.nrf_log_frontend_std_1
                0x00000000000269ec       0x14 Output/ble_app_blinky_pca10040_s132 Release/Obj/nrf_log_frontend.o
                0x00000000000269ec                nrf_log_frontend_std_1
 .text.nrf_log_frontend_std_2
                0x0000000000026a00       0x14 Output/ble_app_blinky_pca10040_s132 Release/Obj/nrf_log_frontend.o
                0x0000000000026a00                nrf_log_frontend_std_2
 .text.nrf_log_backend_add
                0x0000000000026a14       0x44 Output/ble_app_blinky_pca10040_s132 Release/Obj/nrf_log_frontend.o
                0x0000000000026a14                nrf_log_backend_add
 .text.nrf_log_panic
                0x0000000000026a58       0x28 Output/ble_app_blinky_pca10040_s132 Release/Obj/nrf_log_frontend.o
                0x0000000000026a58                nrf_log_panic
 .text.postfix_process
                0x0000000000026a80       0x3c Output/ble_app_blinky_pca10040_s132 Release/Obj/nrf_log_str_formatter.o
 .text.prefix_process
                0x0000000000026abc       0x78 Output/ble_app_blinky_pca10040_s132 Release/Obj/nrf_log_str_formatter.o
 .text.nrf_log_std_entry_process
                0x0000000000026b34       0xc8 Output/ble_app_blinky_pca10040_s132 Release/Obj/nrf_log_str_formatter.o
                0x0000000000026b34                nrf_log_std_entry_process
 .text.nrf_log_hexdump_entry_process
                0x0000000000026bfc       0xac Output/ble_app_blinky_pca10040_s132 Release/Obj/nrf_log_str_formatter.o
                0x0000000000026bfc                nrf_log_hexdump_entry_process
 .text.detection_delay_timeout_handler
                0x0000000000026ca8      0x104 Output/ble_app_blinky_pca10040_s132 Release/Obj/app_button.o
 .text.gpiote_event_handler
                0x0000000000026dac       0xa8 Output/ble_app_blinky_pca10040_s132 Release/Obj/app_button.o
 .text.app_button_init
                0x0000000000026e54       0xa8 Output/ble_app_blinky_pca10040_s132 Release/Obj/app_button.o
                0x0000000000026e54                app_button_init
 .text.app_button_enable
                0x0000000000026efc       0x2c Output/ble_app_blinky_pca10040_s132 Release/Obj/app_button.o
                0x0000000000026efc                app_button_enable
 .text.app_button_disable
                0x0000000000026f28       0x34 Output/ble_app_blinky_pca10040_s132 Release/Obj/app_button.o
                0x0000000000026f28                app_button_disable
 .text.app_error_handler_bare
                0x0000000000026f5c       0x1a Output/ble_app_blinky_pca10040_s132 Release/Obj/app_error.o
                0x0000000000026f5c                app_error_handler_bare
 *fill*         0x0000000000026f76        0x2 
 .text.app_error_fault_handler
                0x0000000000026f78       0x6c Output/ble_app_blinky_pca10040_s132 Release/Obj/app_error_weak.o
                0x0000000000026f78                app_error_fault_handler
 .text.user_op_alloc
                0x0000000000026fe4       0x2c Output/ble_app_blinky_pca10040_s132 Release/Obj/app_timer.o
 .text.timer_stop_op_schedule
                0x0000000000027010       0x50 Output/ble_app_blinky_pca10040_s132 Release/Obj/app_timer.o
 .text.nrfx_coredep_delay_us.constprop.3
                0x0000000000027060       0x10 Output/ble_app_blinky_pca10040_s132 Release/Obj/app_timer.o
 .text.rtc1_stop
                0x0000000000027070       0x44 Output/ble_app_blinky_pca10040_s132 Release/Obj/app_timer.o
 .text.RTC1_IRQHandler
                0x00000000000270b4       0x9c Output/ble_app_blinky_pca10040_s132 Release/Obj/app_timer.o
                0x00000000000270b4                RTC1_IRQHandler
 .text.SWI0_EGU0_IRQHandler
                0x0000000000027150      0x2ac Output/ble_app_blinky_pca10040_s132 Release/Obj/app_timer.o
                0x0000000000027150                SWI0_EGU0_IRQHandler
 .text.app_timer_init
                0x00000000000273fc       0x60 Output/ble_app_blinky_pca10040_s132 Release/Obj/app_timer.o
                0x00000000000273fc                app_timer_init
 .text.app_timer_create
                0x000000000002745c       0x24 Output/ble_app_blinky_pca10040_s132 Release/Obj/app_timer.o
                0x000000000002745c                app_timer_create
 .text.app_timer_start
                0x0000000000027480       0x88 Output/ble_app_blinky_pca10040_s132 Release/Obj/app_timer.o
                0x0000000000027480                app_timer_start
 .text.app_timer_stop
                0x0000000000027508       0x20 Output/ble_app_blinky_pca10040_s132 Release/Obj/app_timer.o
                0x0000000000027508                app_timer_stop
 .text.app_util_critical_region_enter
                0x0000000000027528       0x48 Output/ble_app_blinky_pca10040_s132 Release/Obj/app_util_platform.o
                0x0000000000027528                app_util_critical_region_enter
 .text.app_util_critical_region_exit
                0x0000000000027570       0x2c Output/ble_app_blinky_pca10040_s132 Release/Obj/app_util_platform.o
                0x0000000000027570                app_util_critical_region_exit
 .text.nrf_atflags_set
                0x000000000002759c       0x12 Output/ble_app_blinky_pca10040_s132 Release/Obj/nrf_atflags.o
                0x000000000002759c                nrf_atflags_set
 .text.nrf_atflags_clear
                0x00000000000275ae       0x14 Output/ble_app_blinky_pca10040_s132 Release/Obj/nrf_atflags.o
                0x00000000000275ae                nrf_atflags_clear
 .text.nrf_atflags_get
                0x00000000000275c2       0x12 Output/ble_app_blinky_pca10040_s132 Release/Obj/nrf_atflags.o
                0x00000000000275c2                nrf_atflags_get
 .text.nrf_atomic_u32_fetch_store
                0x00000000000275d4       0x14 Output/ble_app_blinky_pca10040_s132 Release/Obj/nrf_atomic.o
                0x00000000000275d4                nrf_atomic_u32_fetch_store
 .text.nrf_atomic_u32_or
                0x00000000000275e8       0x16 Output/ble_app_blinky_pca10040_s132 Release/Obj/nrf_atomic.o
                0x00000000000275e8                nrf_atomic_u32_or
 .text.nrf_atomic_u32_fetch_and
                0x00000000000275fe       0x16 Output/ble_app_blinky_pca10040_s132 Release/Obj/nrf_atomic.o
                0x00000000000275fe                nrf_atomic_u32_fetch_and
 .text.nrf_atomic_u32_and
                0x0000000000027614       0x16 Output/ble_app_blinky_pca10040_s132 Release/Obj/nrf_atomic.o
                0x0000000000027614                nrf_atomic_u32_and
 .text.nrf_atomic_u32_add
                0x000000000002762a       0x16 Output/ble_app_blinky_pca10040_s132 Release/Obj/nrf_atomic.o
                0x000000000002762a                nrf_atomic_u32_add
 .text.nrf_atomic_u32_sub
                0x0000000000027640       0x16 Output/ble_app_blinky_pca10040_s132 Release/Obj/nrf_atomic.o
                0x0000000000027640                nrf_atomic_u32_sub
 .text.nrf_atomic_flag_set
                0x0000000000027656        0x6 Output/ble_app_blinky_pca10040_s132 Release/Obj/nrf_atomic.o
                0x0000000000027656                nrf_atomic_flag_set
 .text.nrf_atomic_flag_clear_fetch
                0x000000000002765c        0x6 Output/ble_app_blinky_pca10040_s132 Release/Obj/nrf_atomic.o
                0x000000000002765c                nrf_atomic_flag_clear_fetch
 .text.nrf_balloc_init
                0x0000000000027662       0x2e Output/ble_app_blinky_pca10040_s132 Release/Obj/nrf_balloc.o
                0x0000000000027662                nrf_balloc_init
 .text.nrf_balloc_alloc
                0x0000000000027690       0x46 Output/ble_app_blinky_pca10040_s132 Release/Obj/nrf_balloc.o
                0x0000000000027690                nrf_balloc_alloc
 .text.nrf_balloc_free
                0x00000000000276d6       0x32 Output/ble_app_blinky_pca10040_s132 Release/Obj/nrf_balloc.o
                0x00000000000276d6                nrf_balloc_free
 .text.nrf_fprintf_buffer_flush
                0x0000000000027708       0x16 Output/ble_app_blinky_pca10040_s132 Release/Obj/nrf_fprintf.o
                0x0000000000027708                nrf_fprintf_buffer_flush
 .text.nrf_fprintf
                0x000000000002771e       0x1e Output/ble_app_blinky_pca10040_s132 Release/Obj/nrf_fprintf.o
                0x000000000002771e                nrf_fprintf
 .text.buffer_add
                0x000000000002773c       0x1e Output/ble_app_blinky_pca10040_s132 Release/Obj/nrf_fprintf_format.o
 *fill*         0x000000000002775a        0x2 
 .text.unsigned_print
                0x000000000002775c       0xac Output/ble_app_blinky_pca10040_s132 Release/Obj/nrf_fprintf_format.o
 .text.nrf_fprintf_fmt
                0x0000000000027808      0x28a Output/ble_app_blinky_pca10040_s132 Release/Obj/nrf_fprintf_format.o
                0x0000000000027808                nrf_fprintf_fmt
 .text.nrf_memobj_pool_init
                0x0000000000027a92        0x4 Output/ble_app_blinky_pca10040_s132 Release/Obj/nrf_memobj.o
                0x0000000000027a92                nrf_memobj_pool_init
 .text.nrf_memobj_free
                0x0000000000027a96       0x2c Output/ble_app_blinky_pca10040_s132 Release/Obj/nrf_memobj.o
                0x0000000000027a96                nrf_memobj_free
 .text.nrf_memobj_alloc
                0x0000000000027ac2       0x5e Output/ble_app_blinky_pca10040_s132 Release/Obj/nrf_memobj.o
                0x0000000000027ac2                nrf_memobj_alloc
 .text.nrf_memobj_get
                0x0000000000027b20        0x8 Output/ble_app_blinky_pca10040_s132 Release/Obj/nrf_memobj.o
                0x0000000000027b20                nrf_memobj_get
 .text.nrf_memobj_put
                0x0000000000027b28       0x1e Output/ble_app_blinky_pca10040_s132 Release/Obj/nrf_memobj.o
                0x0000000000027b28                nrf_memobj_put
 .text.nrf_memobj_write
                0x0000000000027b46       0x52 Output/ble_app_blinky_pca10040_s132 Release/Obj/nrf_memobj.o
                0x0000000000027b46                nrf_memobj_write
 .text.nrf_memobj_read
                0x0000000000027b98       0x52 Output/ble_app_blinky_pca10040_s132 Release/Obj/nrf_memobj.o
                0x0000000000027b98                nrf_memobj_read
 .text.sd_app_evt_wait
                0x0000000000027bea        0x4 Output/ble_app_blinky_pca10040_s132 Release/Obj/nrf_pwr_mgmt.o
 *fill*         0x0000000000027bee        0x2 
 .text.nrf_pwr_mgmt_init
                0x0000000000027bf0       0x2c Output/ble_app_blinky_pca10040_s132 Release/Obj/nrf_pwr_mgmt.o
                0x0000000000027bf0                nrf_pwr_mgmt_init
 .text.nrf_pwr_mgmt_run
                0x0000000000027c1c       0x4c Output/ble_app_blinky_pca10040_s132 Release/Obj/nrf_pwr_mgmt.o
                0x0000000000027c1c                nrf_pwr_mgmt_run
 .text.nrf_section_iter_init
                0x0000000000027c68       0x14 Output/ble_app_blinky_pca10040_s132 Release/Obj/nrf_section_iter.o
                0x0000000000027c68                nrf_section_iter_init
 .text.nrf_section_iter_next
                0x0000000000027c7c       0x18 Output/ble_app_blinky_pca10040_s132 Release/Obj/nrf_section_iter.o
                0x0000000000027c7c                nrf_section_iter_next
 .text.nrf_strerror_find
                0x0000000000027c94       0x3c Output/ble_app_blinky_pca10040_s132 Release/Obj/nrf_strerror.o
                0x0000000000027c94                nrf_strerror_find
 .text.nrf_strerror_get
                0x0000000000027cd0       0x14 Output/ble_app_blinky_pca10040_s132 Release/Obj/nrf_strerror.o
                0x0000000000027cd0                nrf_strerror_get
 .text.errata_12
                0x0000000000027ce4       0x40 Output/ble_app_blinky_pca10040_s132 Release/Obj/system_nrf52.o
 .text.errata_16
                0x0000000000027d24       0x34 Output/ble_app_blinky_pca10040_s132 Release/Obj/system_nrf52.o
 .text.SystemInit
                0x0000000000027d58      0x25c Output/ble_app_blinky_pca10040_s132 Release/Obj/system_nrf52.o
                0x0000000000027d58                SystemInit
 .text.bsp_board_led_on
                0x0000000000027fb4       0x18 Output/ble_app_blinky_pca10040_s132 Release/Obj/boards.o
                0x0000000000027fb4                bsp_board_led_on
 .text.bsp_board_led_off
                0x0000000000027fcc       0x18 Output/ble_app_blinky_pca10040_s132 Release/Obj/boards.o
                0x0000000000027fcc                bsp_board_led_off
 .text.bsp_board_leds_off
                0x0000000000027fe4       0x1e Output/ble_app_blinky_pca10040_s132 Release/Obj/boards.o
                0x0000000000027fe4                bsp_board_leds_off
 .text.bsp_board_init
                0x0000000000028002       0x3e Output/ble_app_blinky_pca10040_s132 Release/Obj/boards.o
                0x0000000000028002                bsp_board_init
 .text.clock_clk_started_notify
                0x0000000000028040       0x28 Output/ble_app_blinky_pca10040_s132 Release/Obj/nrf_drv_clock.o
 .text.clock_irq_handler
                0x0000000000028068       0x1c Output/ble_app_blinky_pca10040_s132 Release/Obj/nrf_drv_clock.o
 .text.soc_evt_handler
                0x0000000000028084       0x14 Output/ble_app_blinky_pca10040_s132 Release/Obj/nrf_drv_clock.o
 .text.nrf_drv_clock_init
                0x0000000000028098       0x38 Output/ble_app_blinky_pca10040_s132 Release/Obj/nrf_drv_clock.o
                0x0000000000028098                nrf_drv_clock_init
 .text.nrf_drv_clock_lfclk_release
                0x00000000000280d0       0x30 Output/ble_app_blinky_pca10040_s132 Release/Obj/nrf_drv_clock.o
                0x00000000000280d0                nrf_drv_clock_lfclk_release
 .text.sd_state_evt_handler
                0x0000000000028100       0x58 Output/ble_app_blinky_pca10040_s132 Release/Obj/nrf_drv_clock.o
 .text.uarte_evt_handler
                0x0000000000028158       0x34 Output/ble_app_blinky_pca10040_s132 Release/Obj/nrf_drv_uart.o
 .text.uart_evt_handler
                0x000000000002818c       0x34 Output/ble_app_blinky_pca10040_s132 Release/Obj/nrf_drv_uart.o
 .text.nrf_drv_uart_init
                0x00000000000281c0       0x7c Output/ble_app_blinky_pca10040_s132 Release/Obj/nrf_drv_uart.o
                0x00000000000281c0                nrf_drv_uart_init
 .text.nrf_clock_event_clear
                0x000000000002823c       0x14 Output/ble_app_blinky_pca10040_s132 Release/Obj/nrfx_clock.o
 .text.nrfx_clock_init
                0x0000000000028250       0x1c Output/ble_app_blinky_pca10040_s132 Release/Obj/nrfx_clock.o
                0x0000000000028250                nrfx_clock_init
 .text.nrfx_clock_enable
                0x000000000002826c       0x28 Output/ble_app_blinky_pca10040_s132 Release/Obj/nrfx_clock.o
                0x000000000002826c                nrfx_clock_enable
 .text.nrfx_clock_lfclk_stop
                0x0000000000028294       0x18 Output/ble_app_blinky_pca10040_s132 Release/Obj/nrfx_clock.o
                0x0000000000028294                nrfx_clock_lfclk_stop
 .text.POWER_CLOCK_IRQHandler
                0x00000000000282ac       0x58 Output/ble_app_blinky_pca10040_s132 Release/Obj/nrfx_clock.o
                0x00000000000282ac                POWER_CLOCK_IRQHandler
 .text.nrf_gpiote_event_clear
                0x0000000000028304       0x18 Output/ble_app_blinky_pca10040_s132 Release/Obj/nrfx_gpiote.o
 .text.nrf_gpio_cfg_sense_set
                0x000000000002831c       0x20 Output/ble_app_blinky_pca10040_s132 Release/Obj/nrfx_gpiote.o
 .text.channel_free
                0x000000000002833c       0x1c Output/ble_app_blinky_pca10040_s132 Release/Obj/nrfx_gpiote.o
 .text.nrfx_gpiote_init
                0x0000000000028358       0x70 Output/ble_app_blinky_pca10040_s132 Release/Obj/nrfx_gpiote.o
                0x0000000000028358                nrfx_gpiote_init
 .text.nrfx_gpiote_is_init
                0x00000000000283c8       0x14 Output/ble_app_blinky_pca10040_s132 Release/Obj/nrfx_gpiote.o
                0x00000000000283c8                nrfx_gpiote_is_init
 .text.nrfx_gpiote_in_init
                0x00000000000283dc       0xf0 Output/ble_app_blinky_pca10040_s132 Release/Obj/nrfx_gpiote.o
                0x00000000000283dc                nrfx_gpiote_in_init
 .text.nrfx_gpiote_in_event_enable
                0x00000000000284cc       0x8c Output/ble_app_blinky_pca10040_s132 Release/Obj/nrfx_gpiote.o
                0x00000000000284cc                nrfx_gpiote_in_event_enable
 .text.nrfx_gpiote_in_event_disable
                0x0000000000028558       0x44 Output/ble_app_blinky_pca10040_s132 Release/Obj/nrfx_gpiote.o
                0x0000000000028558                nrfx_gpiote_in_event_disable
 .text.nrfx_gpiote_in_is_set
                0x000000000002859c       0x12 Output/ble_app_blinky_pca10040_s132 Release/Obj/nrfx_gpiote.o
                0x000000000002859c                nrfx_gpiote_in_is_set
 *fill*         0x00000000000285ae        0x2 
 .text.GPIOTE_IRQHandler
                0x00000000000285b0      0x17c Output/ble_app_blinky_pca10040_s132 Release/Obj/nrfx_gpiote.o
                0x00000000000285b0                GPIOTE_IRQHandler
 .text.UARTE0_UART0_IRQHandler
                0x000000000002872c        0xc Output/ble_app_blinky_pca10040_s132 Release/Obj/nrfx_prs.o
                0x000000000002872c                UARTE0_UART0_IRQHandler
 .text.nrfx_prs_acquire
                0x0000000000028738       0x40 Output/ble_app_blinky_pca10040_s132 Release/Obj/nrfx_prs.o
                0x0000000000028738                nrfx_prs_acquire
 .text.nrfx_prs_release
                0x0000000000028778       0x18 Output/ble_app_blinky_pca10040_s132 Release/Obj/nrfx_prs.o
                0x0000000000028778                nrfx_prs_release
 .text.nrf_uart_event_clear
                0x0000000000028790       0x10 Output/ble_app_blinky_pca10040_s132 Release/Obj/nrfx_uart.o
 .text.tx_byte  0x00000000000287a0       0x1e Output/ble_app_blinky_pca10040_s132 Release/Obj/nrfx_uart.o
 .text.rx_byte  0x00000000000287be       0x2c Output/ble_app_blinky_pca10040_s132 Release/Obj/nrfx_uart.o
 *fill*         0x00000000000287ea        0x2 
 .text.rx_done_event.constprop.8
                0x00000000000287ec       0x20 Output/ble_app_blinky_pca10040_s132 Release/Obj/nrfx_uart.o
 .text.nrfx_uart_0_irq_handler
                0x000000000002880c      0x13c Output/ble_app_blinky_pca10040_s132 Release/Obj/nrfx_uart.o
                0x000000000002880c                nrfx_uart_0_irq_handler
 .text.nrfx_uart_init
                0x0000000000028948      0x180 Output/ble_app_blinky_pca10040_s132 Release/Obj/nrfx_uart.o
                0x0000000000028948                nrfx_uart_init
 .text.nrfx_uart_uninit
                0x0000000000028ac8       0xc8 Output/ble_app_blinky_pca10040_s132 Release/Obj/nrfx_uart.o
                0x0000000000028ac8                nrfx_uart_uninit
 .text.nrfx_uart_tx
                0x0000000000028b90       0x94 Output/ble_app_blinky_pca10040_s132 Release/Obj/nrfx_uart.o
                0x0000000000028b90                nrfx_uart_tx
 .text.nrf_uarte_event_clear
                0x0000000000028c24       0x10 Output/ble_app_blinky_pca10040_s132 Release/Obj/nrfx_uarte.o
 .text.rx_done_event.constprop.7
                0x0000000000028c34       0x24 Output/ble_app_blinky_pca10040_s132 Release/Obj/nrfx_uarte.o
 .text.nrfx_uarte_0_irq_handler
                0x0000000000028c58       0xec Output/ble_app_blinky_pca10040_s132 Release/Obj/nrfx_uarte.o
                0x0000000000028c58                nrfx_uarte_0_irq_handler
 .text.nrfx_uarte_init
                0x0000000000028d44      0x190 Output/ble_app_blinky_pca10040_s132 Release/Obj/nrfx_uarte.o
                0x0000000000028d44                nrfx_uarte_init
 .text.nrfx_uarte_uninit
                0x0000000000028ed4       0xc8 Output/ble_app_blinky_pca10040_s132 Release/Obj/nrfx_uarte.o
                0x0000000000028ed4                nrfx_uarte_uninit
 .text.nrfx_uarte_tx
                0x0000000000028f9c       0x88 Output/ble_app_blinky_pca10040_s132 Release/Obj/nrfx_uarte.o
                0x0000000000028f9c                nrfx_uarte_tx
 .text.sd_ble_gap_adv_set_configure
                0x0000000000029024        0x4 Output/ble_app_blinky_pca10040_s132 Release/Obj/main.o
 .text.sd_ble_gap_adv_start
                0x0000000000029028        0x4 Output/ble_app_blinky_pca10040_s132 Release/Obj/main.o
 .text.sd_ble_gap_disconnect
                0x000000000002902c        0x4 Output/ble_app_blinky_pca10040_s132 Release/Obj/main.o
 .text.sd_ble_gap_ppcp_set
                0x0000000000029030        0x4 Output/ble_app_blinky_pca10040_s132 Release/Obj/main.o
 .text.sd_ble_gap_device_name_set
                0x0000000000029034        0x4 Output/ble_app_blinky_pca10040_s132 Release/Obj/main.o
 .text.sd_ble_gap_sec_params_reply
                0x0000000000029038        0x4 Output/ble_app_blinky_pca10040_s132 Release/Obj/main.o
 .text.sd_ble_gap_phy_update
                0x000000000002903c        0x4 Output/ble_app_blinky_pca10040_s132 Release/Obj/main.o
 .text.sd_ble_gatts_sys_attr_set
                0x0000000000029040        0x4 Output/ble_app_blinky_pca10040_s132 Release/Obj/main.o
 .text.nrf_qwr_error_handler
                0x0000000000029044        0x4 Output/ble_app_blinky_pca10040_s132 Release/Obj/main.o
 .text.advertising_start
                0x0000000000029048       0x20 Output/ble_app_blinky_pca10040_s132 Release/Obj/main.o
 .text.ble_evt_handler
                0x0000000000029068       0xdc Output/ble_app_blinky_pca10040_s132 Release/Obj/main.o
 .text.on_conn_params_evt
                0x0000000000029144       0x20 Output/ble_app_blinky_pca10040_s132 Release/Obj/main.o
 .text.button_event_handler
                0x0000000000029164       0x54 Output/ble_app_blinky_pca10040_s132 Release/Obj/main.o
 .text.led_write_handler
                0x00000000000291b8       0x38 Output/ble_app_blinky_pca10040_s132 Release/Obj/main.o
 .text.conn_params_error_handler
                0x00000000000291f0        0x4 Output/ble_app_blinky_pca10040_s132 Release/Obj/main.o
 .text.startup.main
                0x00000000000291f4      0x214 Output/ble_app_blinky_pca10040_s132 Release/Obj/main.o
                0x00000000000291f4                main
 .text.sd_ble_gap_addr_get
                0x0000000000029408        0x4 Output/ble_app_blinky_pca10040_s132 Release/Obj/ble_advdata.o
 .text.sd_ble_gap_appearance_get
                0x000000000002940c        0x4 Output/ble_app_blinky_pca10040_s132 Release/Obj/ble_advdata.o
 .text.sd_ble_gap_device_name_get
                0x0000000000029410        0x4 Output/ble_app_blinky_pca10040_s132 Release/Obj/ble_advdata.o
 .text.sd_ble_uuid_encode
                0x0000000000029414        0x4 Output/ble_app_blinky_pca10040_s132 Release/Obj/ble_advdata.o
 .text.uuid_list_sized_encode
                0x0000000000029418       0xa4 Output/ble_app_blinky_pca10040_s132 Release/Obj/ble_advdata.o
 .text.uuid_list_encode
                0x00000000000294bc       0x34 Output/ble_app_blinky_pca10040_s132 Release/Obj/ble_advdata.o
 .text.ble_advdata_encode
                0x00000000000294f0      0x37c Output/ble_app_blinky_pca10040_s132 Release/Obj/ble_advdata.o
                0x00000000000294f0                ble_advdata_encode
 .text.sd_ble_gap_conn_param_update
                0x000000000002986c        0x4 Output/ble_app_blinky_pca10040_s132 Release/Obj/ble_conn_params.o
 .text.sd_ble_gap_disconnect
                0x0000000000029870        0x4 Output/ble_app_blinky_pca10040_s132 Release/Obj/ble_conn_params.o
 .text.sd_ble_gap_ppcp_set
                0x0000000000029874        0x4 Output/ble_app_blinky_pca10040_s132 Release/Obj/ble_conn_params.o
 .text.sd_ble_gap_ppcp_get
                0x0000000000029878        0x4 Output/ble_app_blinky_pca10040_s132 Release/Obj/ble_conn_params.o
 .text.instance_get
                0x000000000002987c       0x14 Output/ble_app_blinky_pca10040_s132 Release/Obj/ble_conn_params.o
 .text.send_error_evt
                0x0000000000029890       0x10 Output/ble_app_blinky_pca10040_s132 Release/Obj/ble_conn_params.o
 .text.update_timeout_handler
                0x00000000000298a0       0x6c Output/ble_app_blinky_pca10040_s132 Release/Obj/ble_conn_params.o
 .text.conn_params_negotiation
                0x000000000002990c       0x48 Output/ble_app_blinky_pca10040_s132 Release/Obj/ble_conn_params.o
 .text.is_conn_params_ok.constprop.3
                0x0000000000029954       0x3c Output/ble_app_blinky_pca10040_s132 Release/Obj/ble_conn_params.o
 .text.ble_evt_handler
                0x0000000000029990       0xe0 Output/ble_app_blinky_pca10040_s132 Release/Obj/ble_conn_params.o
 .text.ble_conn_params_init
                0x0000000000029a70       0x74 Output/ble_app_blinky_pca10040_s132 Release/Obj/ble_conn_params.o
                0x0000000000029a70                ble_conn_params_init
 .text.conn_handle_list_get
                0x0000000000029ae4       0x2e Output/ble_app_blinky_pca10040_s132 Release/Obj/ble_conn_state.o
                0x0000000000029ae4                conn_handle_list_get
 *fill*         0x0000000000029b12        0x2 
 .text.ble_evt_handler
                0x0000000000029b14       0xd8 Output/ble_app_blinky_pca10040_s132 Release/Obj/ble_conn_state.o
 .text.ble_srv_is_notification_enabled
                0x0000000000029bec        0x8 Output/ble_app_blinky_pca10040_s132 Release/Obj/ble_srv_common.o
                0x0000000000029bec                ble_srv_is_notification_enabled
 .text.sd_ble_gap_data_length_update
                0x0000000000029bf4        0x4 Output/ble_app_blinky_pca10040_s132 Release/Obj/nrf_ble_gatt.o
 .text.sd_ble_gattc_exchange_mtu_request
                0x0000000000029bf8        0x4 Output/ble_app_blinky_pca10040_s132 Release/Obj/nrf_ble_gatt.o
 .text.sd_ble_gatts_exchange_mtu_reply
                0x0000000000029bfc        0x4 Output/ble_app_blinky_pca10040_s132 Release/Obj/nrf_ble_gatt.o
 .text.data_length_update
                0x0000000000029c00       0x84 Output/ble_app_blinky_pca10040_s132 Release/Obj/nrf_ble_gatt.o
 .text.nrf_ble_gatt_init
                0x0000000000029c84       0x28 Output/ble_app_blinky_pca10040_s132 Release/Obj/nrf_ble_gatt.o
                0x0000000000029c84                nrf_ble_gatt_init
 .text.nrf_ble_gatt_on_ble_evt
                0x0000000000029cac      0x1a4 Output/ble_app_blinky_pca10040_s132 Release/Obj/nrf_ble_gatt.o
                0x0000000000029cac                nrf_ble_gatt_on_ble_evt
 .text.sd_ble_gatts_rw_authorize_reply
                0x0000000000029e50        0x4 Output/ble_app_blinky_pca10040_s132 Release/Obj/nrf_ble_qwr.o
 .text.sd_ble_user_mem_reply
                0x0000000000029e54        0x4 Output/ble_app_blinky_pca10040_s132 Release/Obj/nrf_ble_qwr.o
 .text.user_mem_reply.part.0
                0x0000000000029e58       0x24 Output/ble_app_blinky_pca10040_s132 Release/Obj/nrf_ble_qwr.o
 .text.nrf_ble_qwr_init
                0x0000000000029e7c       0x24 Output/ble_app_blinky_pca10040_s132 Release/Obj/nrf_ble_qwr.o
                0x0000000000029e7c                nrf_ble_qwr_init
 .text.nrf_ble_qwr_conn_handle_assign
                0x0000000000029ea0       0x16 Output/ble_app_blinky_pca10040_s132 Release/Obj/nrf_ble_qwr.o
                0x0000000000029ea0                nrf_ble_qwr_conn_handle_assign
 .text.nrf_ble_qwr_on_ble_evt
                0x0000000000029eb6       0xa0 Output/ble_app_blinky_pca10040_s132 Release/Obj/nrf_ble_qwr.o
                0x0000000000029eb6                nrf_ble_qwr_on_ble_evt
 .text.sd_ble_gatts_service_add
                0x0000000000029f56        0x4 Output/ble_app_blinky_pca10040_s132 Release/Obj/ble_lbs.o
 .text.sd_ble_gatts_characteristic_add
                0x0000000000029f5a        0x4 Output/ble_app_blinky_pca10040_s132 Release/Obj/ble_lbs.o
 .text.sd_ble_gatts_hvx
                0x0000000000029f5e        0x4 Output/ble_app_blinky_pca10040_s132 Release/Obj/ble_lbs.o
 .text.sd_ble_uuid_vs_add
                0x0000000000029f62        0x4 Output/ble_app_blinky_pca10040_s132 Release/Obj/ble_lbs.o
 .text.ble_lbs_on_ble_evt
                0x0000000000029f66       0x2a Output/ble_app_blinky_pca10040_s132 Release/Obj/ble_lbs.o
                0x0000000000029f66                ble_lbs_on_ble_evt
 .text.ble_lbs_init
                0x0000000000029f90      0x1c4 Output/ble_app_blinky_pca10040_s132 Release/Obj/ble_lbs.o
                0x0000000000029f90                ble_lbs_init
 .text.ble_lbs_on_button_change
                0x000000000002a154       0x40 Output/ble_app_blinky_pca10040_s132 Release/Obj/ble_lbs.o
                0x000000000002a154                ble_lbs_on_button_change
 .text.sd_softdevice_enable
                0x000000000002a194        0x4 Output/ble_app_blinky_pca10040_s132 Release/Obj/nrf_sdh.o
 .text.sdh_request_observer_notify
                0x000000000002a198       0x30 Output/ble_app_blinky_pca10040_s132 Release/Obj/nrf_sdh.o
 .text.sdh_state_observer_notify
                0x000000000002a1c8       0x28 Output/ble_app_blinky_pca10040_s132 Release/Obj/nrf_sdh.o
 .text.softdevices_evt_irq_enable
                0x000000000002a1f0       0x38 Output/ble_app_blinky_pca10040_s132 Release/Obj/nrf_sdh.o
 .text.nrf_sdh_enable_request
                0x000000000002a228       0x88 Output/ble_app_blinky_pca10040_s132 Release/Obj/nrf_sdh.o
                0x000000000002a228                nrf_sdh_enable_request
 .text.nrf_sdh_is_enabled
                0x000000000002a2b0        0xc Output/ble_app_blinky_pca10040_s132 Release/Obj/nrf_sdh.o
                0x000000000002a2b0                nrf_sdh_is_enabled
 .text.nrf_sdh_evts_poll
                0x000000000002a2bc       0x28 Output/ble_app_blinky_pca10040_s132 Release/Obj/nrf_sdh.o
                0x000000000002a2bc                nrf_sdh_evts_poll
 .text.SWI2_EGU2_IRQHandler
                0x000000000002a2e4        0x4 Output/ble_app_blinky_pca10040_s132 Release/Obj/nrf_sdh.o
                0x000000000002a2e4                SWI2_EGU2_IRQHandler
 .text.sd_ble_enable
                0x000000000002a2e8        0x4 Output/ble_app_blinky_pca10040_s132 Release/Obj/nrf_sdh_ble.o
 .text.sd_ble_cfg_set
                0x000000000002a2ec        0x4 Output/ble_app_blinky_pca10040_s132 Release/Obj/nrf_sdh_ble.o
 .text.sd_ble_evt_get
                0x000000000002a2f0        0x4 Output/ble_app_blinky_pca10040_s132 Release/Obj/nrf_sdh_ble.o
 .text.nrf_sdh_ble_evts_poll
                0x000000000002a2f4       0x50 Output/ble_app_blinky_pca10040_s132 Release/Obj/nrf_sdh_ble.o
 .text.nrf_sdh_ble_default_cfg_set
                0x000000000002a344      0x158 Output/ble_app_blinky_pca10040_s132 Release/Obj/nrf_sdh_ble.o
                0x000000000002a344                nrf_sdh_ble_default_cfg_set
 .text.nrf_sdh_ble_enable
                0x000000000002a49c       0x94 Output/ble_app_blinky_pca10040_s132 Release/Obj/nrf_sdh_ble.o
                0x000000000002a49c                nrf_sdh_ble_enable
 .text.sd_evt_get
                0x000000000002a530        0x4 Output/ble_app_blinky_pca10040_s132 Release/Obj/nrf_sdh_soc.o
 .text.nrf_sdh_soc_evts_poll
                0x000000000002a534       0x3c Output/ble_app_blinky_pca10040_s132 Release/Obj/nrf_sdh_soc.o
 .text.libc.__RAL_ascii_isctype
                0x000000000002a570       0x1c D:/Embedded Segger 4.12/lib/libc_v7em_fpv4_sp_d16_hard_t_le_eabi.a(libc2.o)
 .text.libc.__RAL_ascii_toupper
                0x000000000002a58c        0xc D:/Embedded Segger 4.12/lib/libc_v7em_fpv4_sp_d16_hard_t_le_eabi.a(libc2.o)
 .text.libc.__RAL_ascii_tolower
                0x000000000002a598        0xc D:/Embedded Segger 4.12/lib/libc_v7em_fpv4_sp_d16_hard_t_le_eabi.a(libc2.o)
 .text.libc.__RAL_ascii_iswctype
                0x000000000002a5a4       0x1c D:/Embedded Segger 4.12/lib/libc_v7em_fpv4_sp_d16_hard_t_le_eabi.a(libc2.o)
 .text.libc.__RAL_ascii_towupper
                0x000000000002a5c0        0xc D:/Embedded Segger 4.12/lib/libc_v7em_fpv4_sp_d16_hard_t_le_eabi.a(libc2.o)
 .text.libc.__RAL_ascii_towlower
                0x000000000002a5cc        0xc D:/Embedded Segger 4.12/lib/libc_v7em_fpv4_sp_d16_hard_t_le_eabi.a(libc2.o)
 .text.libc.__RAL_ascii_wctomb
                0x000000000002a5d8        0xe D:/Embedded Segger 4.12/lib/libc_v7em_fpv4_sp_d16_hard_t_le_eabi.a(libc2.o)
                0x000000000002a5d8                __RAL_ascii_wctomb
 .text.libc.__RAL_ascii_mbtowc
                0x000000000002a5e6       0x24 D:/Embedded Segger 4.12/lib/libc_v7em_fpv4_sp_d16_hard_t_le_eabi.a(libc2.o)
                0x000000000002a5e6                __RAL_ascii_mbtowc
 *fill*         0x000000000002a60a        0x2 
 .text.libc.__RAL_isctype
                0x000000000002a60c       0x14 D:/Embedded Segger 4.12/lib/libc_v7em_fpv4_sp_d16_hard_t_le_eabi.a(libc2.o)
                0x000000000002a60c                __RAL_isctype
 .text.libc.isprint
                0x000000000002a620        0xa D:/Embedded Segger 4.12/lib/libc_v7em_fpv4_sp_d16_hard_t_le_eabi.a(libc2.o)
                0x000000000002a620                isprint
 .text.libc.memcpy
                0x000000000002a62a       0x52 D:/Embedded Segger 4.12/lib/libc_v7em_fpv4_sp_d16_hard_t_le_eabi.a(libc2_asm.o)
                0x000000000002a62a                __aeabi_memcpy
                0x000000000002a62a                memcpy
                0x000000000002a636                __aeabi_memcpy8
                0x000000000002a636                __aeabi_memcpy4
 .text.libc.memset
                0x000000000002a67c       0x66 D:/Embedded Segger 4.12/lib/libc_v7em_fpv4_sp_d16_hard_t_le_eabi.a(libc2_asm.o)
                0x000000000002a67c                memset
 .text.libc.strlen
                0x000000000002a6e2       0x60 D:/Embedded Segger 4.12/lib/libc_v7em_fpv4_sp_d16_hard_t_le_eabi.a(libc2_asm.o)
                0x000000000002a6e2                strlen
                0x000000000002a742                __text_end__ = (__text_start__ + SIZEOF (.text))
                0x000000000000444e                __text_size__ = SIZEOF (.text)
                0x000000000002a742                __text_load_end__ = __text_end__

.vfp11_veneer   0x0000000100000000        0x0
 .vfp11_veneer  0x0000000100000000        0x0 linker stubs

.v4_bx          0x0000000100000000        0x0
 .v4_bx         0x0000000100000000        0x0 linker stubs

.iplt           0x0000000100000000        0x0
 .iplt          0x0000000100000000        0x0 Output/ble_app_blinky_pca10040_s132 Release/Obj/thumb_crt0.o
                0x0000000000000001                . = ASSERT (((__text_start__ == __text_end__) || ((__text_end__ >= __FLASH_segment_start__) && (__text_end__ <= __FLASH_segment_end__))), error: .text is too large to fit in FLASH memory segment)
                0x000000000002a744                __sdh_soc_observers_load_start__ = ALIGN (__text_end__, 0x4)

.sdh_soc_observers
                0x000000000002a744        0x8
                0x000000000002a744                __sdh_soc_observers_start__ = .
                0x000000000002a744                __start_sdh_soc_observers = __sdh_soc_observers_start__
 *(SORT_BY_NAME(.sdh_soc_observers*))
 .sdh_soc_observers0
                0x000000000002a744        0x8 Output/ble_app_blinky_pca10040_s132 Release/Obj/nrf_drv_clock.o
                0x000000000002a74c                __sdh_soc_observers_end__ = (__sdh_soc_observers_start__ + SIZEOF (.sdh_soc_observers))
                0x0000000000000008                __sdh_soc_observers_size__ = SIZEOF (.sdh_soc_observers)
                0x000000000002a74c                __stop_sdh_soc_observers = __sdh_soc_observers_end__
                0x000000000002a74c                __sdh_soc_observers_load_end__ = __sdh_soc_observers_end__
                0x0000000000000001                . = ASSERT (((__sdh_soc_observers_start__ == __sdh_soc_observers_end__) || ((__sdh_soc_observers_end__ >= __FLASH_segment_start__) && (__sdh_soc_observers_end__ <= __FLASH_segment_end__))), error: .sdh_soc_observers is too large to fit in FLASH memory segment)
                0x000000000002a74c                __pwr_mgmt_data_load_start__ = ALIGN (__sdh_soc_observers_end__, 0x4)

.pwr_mgmt_data  0x000000000002a74c        0x0
                0x000000000002a74c                __pwr_mgmt_data_start__ = .
                0x000000000002a74c                __start_pwr_mgmt_data = __pwr_mgmt_data_start__
 *(SORT_BY_NAME(.pwr_mgmt_data*))
                0x000000000002a74c                __pwr_mgmt_data_end__ = (__pwr_mgmt_data_start__ + SIZEOF (.pwr_mgmt_data))
                0x0000000000000000                __pwr_mgmt_data_size__ = SIZEOF (.pwr_mgmt_data)
                0x000000000002a74c                __stop_pwr_mgmt_data = __pwr_mgmt_data_end__
                0x000000000002a74c                __pwr_mgmt_data_load_end__ = __pwr_mgmt_data_end__
                0x0000000000000001                . = ASSERT (((__pwr_mgmt_data_start__ == __pwr_mgmt_data_end__) || ((__pwr_mgmt_data_end__ >= __FLASH_segment_start__) && (__pwr_mgmt_data_end__ <= __FLASH_segment_end__))), error: .pwr_mgmt_data is too large to fit in FLASH memory segment)
                0x000000000002a74c                __sdh_ble_observers_load_start__ = ALIGN (__pwr_mgmt_data_end__, 0x4)

.sdh_ble_observers
                0x000000000002a74c       0x30
                0x000000000002a74c                __sdh_ble_observers_start__ = .
                0x000000000002a74c                __start_sdh_ble_observers = __sdh_ble_observers_start__
 *(SORT_BY_NAME(.sdh_ble_observers*))
 .sdh_ble_observers0
                0x000000000002a74c        0x8 Output/ble_app_blinky_pca10040_s132 Release/Obj/ble_conn_state.o
 .sdh_ble_observers1
                0x000000000002a754        0x8 Output/ble_app_blinky_pca10040_s132 Release/Obj/main.o
 .sdh_ble_observers1
                0x000000000002a75c        0x8 Output/ble_app_blinky_pca10040_s132 Release/Obj/ble_conn_params.o
 .sdh_ble_observers2
                0x000000000002a764       0x10 Output/ble_app_blinky_pca10040_s132 Release/Obj/main.o
 .sdh_ble_observers3
                0x000000000002a774        0x8 Output/ble_app_blinky_pca10040_s132 Release/Obj/main.o
                0x000000000002a77c                __sdh_ble_observers_end__ = (__sdh_ble_observers_start__ + SIZEOF (.sdh_ble_observers))
                0x0000000000000030                __sdh_ble_observers_size__ = SIZEOF (.sdh_ble_observers)
                0x000000000002a77c                __stop_sdh_ble_observers = __sdh_ble_observers_end__
                0x000000000002a77c                __sdh_ble_observers_load_end__ = __sdh_ble_observers_end__
                0x0000000000000001                . = ASSERT (((__sdh_ble_observers_start__ == __sdh_ble_observers_end__) || ((__sdh_ble_observers_end__ >= __FLASH_segment_start__) && (__sdh_ble_observers_end__ <= __FLASH_segment_end__))), error: .sdh_ble_observers is too large to fit in FLASH memory segment)
                0x000000000002a77c                __log_const_data_load_start__ = ALIGN (__sdh_ble_observers_end__, 0x4)

.log_const_data
                0x000000000002a77c       0x68
                0x000000000002a77c                __log_const_data_start__ = .
                0x000000000002a77c                __start_log_const_data = __log_const_data_start__
 *(SORT_BY_NAME(.log_const_data*))
 .log_const_data_CLOCK
                0x000000000002a77c        0x8 Output/ble_app_blinky_pca10040_s132 Release/Obj/nrfx_clock.o
                0x000000000002a77c                m_nrf_log_CLOCK_logs_data_const
 .log_const_data_GPIOTE
                0x000000000002a784        0x8 Output/ble_app_blinky_pca10040_s132 Release/Obj/nrfx_gpiote.o
                0x000000000002a784                m_nrf_log_GPIOTE_logs_data_const
 .log_const_data_PRS
                0x000000000002a78c        0x8 Output/ble_app_blinky_pca10040_s132 Release/Obj/nrfx_prs.o
                0x000000000002a78c                m_nrf_log_PRS_logs_data_const
 .log_const_data_UART
                0x000000000002a794        0x8 Output/ble_app_blinky_pca10040_s132 Release/Obj/nrfx_uart.o
                0x000000000002a794                m_nrf_log_UART_logs_data_const
 .log_const_data_UARTE
                0x000000000002a79c        0x8 Output/ble_app_blinky_pca10040_s132 Release/Obj/nrfx_uarte.o
                0x000000000002a79c                m_nrf_log_UARTE_logs_data_const
 .log_const_data_app
                0x000000000002a7a4        0x8 Output/ble_app_blinky_pca10040_s132 Release/Obj/nrf_log_frontend.o
                0x000000000002a7a4                m_nrf_log_app_logs_data_const
 .log_const_data_balloc_log_mempool
                0x000000000002a7ac        0x8 Output/ble_app_blinky_pca10040_s132 Release/Obj/nrf_log_frontend.o
                0x000000000002a7ac                m_nrf_log_balloc_log_mempool_logs_data_const
 .log_const_data_clock
                0x000000000002a7b4        0x8 Output/ble_app_blinky_pca10040_s132 Release/Obj/nrf_drv_clock.o
                0x000000000002a7b4                m_nrf_log_clock_logs_data_const
 .log_const_data_nrf_ble_gatt
                0x000000000002a7bc        0x8 Output/ble_app_blinky_pca10040_s132 Release/Obj/nrf_ble_gatt.o
                0x000000000002a7bc                m_nrf_log_nrf_ble_gatt_logs_data_const
 .log_const_data_nrf_sdh
                0x000000000002a7c4        0x8 Output/ble_app_blinky_pca10040_s132 Release/Obj/nrf_sdh.o
                0x000000000002a7c4                m_nrf_log_nrf_sdh_logs_data_const
 .log_const_data_nrf_sdh_ble
                0x000000000002a7cc        0x8 Output/ble_app_blinky_pca10040_s132 Release/Obj/nrf_sdh_ble.o
                0x000000000002a7cc                m_nrf_log_nrf_sdh_ble_logs_data_const
 .log_const_data_nrf_sdh_soc
                0x000000000002a7d4        0x8 Output/ble_app_blinky_pca10040_s132 Release/Obj/nrf_sdh_soc.o
                0x000000000002a7d4                m_nrf_log_nrf_sdh_soc_logs_data_const
 .log_const_data_pwr_mgmt
                0x000000000002a7dc        0x8 Output/ble_app_blinky_pca10040_s132 Release/Obj/nrf_pwr_mgmt.o
                0x000000000002a7dc                m_nrf_log_pwr_mgmt_logs_data_const
                0x000000000002a7e4                __log_const_data_end__ = (__log_const_data_start__ + SIZEOF (.log_const_data))
                0x0000000000000068                __log_const_data_size__ = SIZEOF (.log_const_data)
                0x000000000002a7e4                __stop_log_const_data = __log_const_data_end__
                0x000000000002a7e4                __log_const_data_load_end__ = __log_const_data_end__
                0x0000000000000001                . = ASSERT (((__log_const_data_start__ == __log_const_data_end__) || ((__log_const_data_end__ >= __FLASH_segment_start__) && (__log_const_data_end__ <= __FLASH_segment_end__))), error: .log_const_data is too large to fit in FLASH memory segment)
                0x000000000002a7e4                __nrf_balloc_load_start__ = ALIGN (__log_const_data_end__, 0x4)

.nrf_balloc     0x000000000002a7e4       0x18
                0x000000000002a7e4                __nrf_balloc_start__ = .
                0x000000000002a7e4                __start_nrf_balloc = __nrf_balloc_start__
 *(.nrf_balloc*)
 .nrf_balloc    0x000000000002a7e4       0x18 Output/ble_app_blinky_pca10040_s132 Release/Obj/nrf_log_frontend.o
                0x000000000002a7e4                log_mempool
                0x000000000002a7fc                __nrf_balloc_end__ = (__nrf_balloc_start__ + SIZEOF (.nrf_balloc))
                0x0000000000000018                __nrf_balloc_size__ = SIZEOF (.nrf_balloc)
                0x000000000002a7fc                __stop_nrf_balloc = __nrf_balloc_end__
                0x000000000002a7fc                __nrf_balloc_load_end__ = __nrf_balloc_end__
                0x0000000000000001                . = ASSERT (((__nrf_balloc_start__ == __nrf_balloc_end__) || ((__nrf_balloc_end__ >= __FLASH_segment_start__) && (__nrf_balloc_end__ <= __FLASH_segment_end__))), error: .nrf_balloc is too large to fit in FLASH memory segment)
                0x000000000002a7fc                __sdh_state_observers_load_start__ = ALIGN (__nrf_balloc_end__, 0x4)

.sdh_state_observers
                0x000000000002a7fc        0x8
                0x000000000002a7fc                __sdh_state_observers_start__ = .
                0x000000000002a7fc                __start_sdh_state_observers = __sdh_state_observers_start__
 *(SORT_BY_NAME(.sdh_state_observers*))
 .sdh_state_observers0
                0x000000000002a7fc        0x8 Output/ble_app_blinky_pca10040_s132 Release/Obj/nrf_drv_clock.o
                0x000000000002a804                __sdh_state_observers_end__ = (__sdh_state_observers_start__ + SIZEOF (.sdh_state_observers))
                0x0000000000000008                __sdh_state_observers_size__ = SIZEOF (.sdh_state_observers)
                0x000000000002a804                __stop_sdh_state_observers = __sdh_state_observers_end__
                0x000000000002a804                __sdh_state_observers_load_end__ = __sdh_state_observers_end__
                0x0000000000000001                . = ASSERT (((__sdh_state_observers_start__ == __sdh_state_observers_end__) || ((__sdh_state_observers_end__ >= __FLASH_segment_start__) && (__sdh_state_observers_end__ <= __FLASH_segment_end__))), error: .sdh_state_observers is too large to fit in FLASH memory segment)
                0x000000000002a804                __sdh_stack_observers_load_start__ = ALIGN (__sdh_state_observers_end__, 0x4)

.sdh_stack_observers
                0x000000000002a804       0x10
                0x000000000002a804                __sdh_stack_observers_start__ = .
                0x000000000002a804                __start_sdh_stack_observers = __sdh_stack_observers_start__
 *(SORT_BY_NAME(.sdh_stack_observers*))
 .sdh_stack_observers0
                0x000000000002a804        0x8 Output/ble_app_blinky_pca10040_s132 Release/Obj/nrf_sdh_ble.o
 .sdh_stack_observers0
                0x000000000002a80c        0x8 Output/ble_app_blinky_pca10040_s132 Release/Obj/nrf_sdh_soc.o
                0x000000000002a814                __sdh_stack_observers_end__ = (__sdh_stack_observers_start__ + SIZEOF (.sdh_stack_observers))
                0x0000000000000010                __sdh_stack_observers_size__ = SIZEOF (.sdh_stack_observers)
                0x000000000002a814                __stop_sdh_stack_observers = __sdh_stack_observers_end__
                0x000000000002a814                __sdh_stack_observers_load_end__ = __sdh_stack_observers_end__
                0x0000000000000001                . = ASSERT (((__sdh_stack_observers_start__ == __sdh_stack_observers_end__) || ((__sdh_stack_observers_end__ >= __FLASH_segment_start__) && (__sdh_stack_observers_end__ <= __FLASH_segment_end__))), error: .sdh_stack_observers is too large to fit in FLASH memory segment)
                0x000000000002a814                __sdh_req_observers_load_start__ = ALIGN (__sdh_stack_observers_end__, 0x4)

.sdh_req_observers
                0x000000000002a814        0x0
                0x000000000002a814                __sdh_req_observers_start__ = .
                0x000000000002a814                __start_sdh_req_observers = __sdh_req_observers_start__
 *(SORT_BY_NAME(.sdh_req_observers*))
                0x000000000002a814                __sdh_req_observers_end__ = (__sdh_req_observers_start__ + SIZEOF (.sdh_req_observers))
                0x0000000000000000                __sdh_req_observers_size__ = SIZEOF (.sdh_req_observers)
                0x000000000002a814                __stop_sdh_req_observers = __sdh_req_observers_end__
                0x000000000002a814                __sdh_req_observers_load_end__ = __sdh_req_observers_end__
                0x0000000000000001                . = ASSERT (((__sdh_req_observers_start__ == __sdh_req_observers_end__) || ((__sdh_req_observers_end__ >= __FLASH_segment_start__) && (__sdh_req_observers_end__ <= __FLASH_segment_end__))), error: .sdh_req_observers is too large to fit in FLASH memory segment)
                0x000000000002a814                __nrf_queue_load_start__ = ALIGN (__sdh_req_observers_end__, 0x4)

.nrf_queue      0x000000000002a814        0x0
                0x000000000002a814                __nrf_queue_start__ = .
                0x000000000002a814                __start_nrf_queue = __nrf_queue_start__
 *(.nrf_queue*)
                0x000000000002a814                __nrf_queue_end__ = (__nrf_queue_start__ + SIZEOF (.nrf_queue))
                0x0000000000000000                __nrf_queue_size__ = SIZEOF (.nrf_queue)
                0x000000000002a814                __stop_nrf_queue = __nrf_queue_end__
                0x000000000002a814                __nrf_queue_load_end__ = __nrf_queue_end__
                0x0000000000000001                . = ASSERT (((__nrf_queue_start__ == __nrf_queue_end__) || ((__nrf_queue_end__ >= __FLASH_segment_start__) && (__nrf_queue_end__ <= __FLASH_segment_end__))), error: .nrf_queue is too large to fit in FLASH memory segment)
                0x000000000002a814                __cli_command_load_start__ = ALIGN (__nrf_queue_end__, 0x4)

.cli_command    0x000000000002a814        0x0
                0x000000000002a814                __cli_command_start__ = .
                0x000000000002a814                __start_cli_command = __cli_command_start__
 *(.cli_command*)
                0x000000000002a814                __cli_command_end__ = (__cli_command_start__ + SIZEOF (.cli_command))
                0x0000000000000000                __cli_command_size__ = SIZEOF (.cli_command)
                0x000000000002a814                __stop_cli_command = __cli_command_end__
                0x000000000002a814                __cli_command_load_end__ = __cli_command_end__
                0x0000000000000001                . = ASSERT (((__cli_command_start__ == __cli_command_end__) || ((__cli_command_end__ >= __FLASH_segment_start__) && (__cli_command_end__ <= __FLASH_segment_end__))), error: .cli_command is too large to fit in FLASH memory segment)
                0x000000000002a814                __crypto_data_load_start__ = ALIGN (__cli_command_end__, 0x4)

.crypto_data    0x000000000002a814        0x0
                0x000000000002a814                __crypto_data_start__ = .
                0x000000000002a814                __start_crypto_data = __crypto_data_start__
 *(SORT_BY_NAME(.crypto_data*))
                0x000000000002a814                __crypto_data_end__ = (__crypto_data_start__ + SIZEOF (.crypto_data))
                0x0000000000000000                __crypto_data_size__ = SIZEOF (.crypto_data)
                0x000000000002a814                __stop_crypto_data = __crypto_data_end__
                0x000000000002a814                __crypto_data_load_end__ = __crypto_data_end__
                0x0000000000000001                . = ASSERT (((__crypto_data_start__ == __crypto_data_end__) || ((__crypto_data_end__ >= __FLASH_segment_start__) && (__crypto_data_end__ <= __FLASH_segment_end__))), error: .crypto_data is too large to fit in FLASH memory segment)
                0x000000000002a814                __nrf_sections_load_start__ = ALIGN (__crypto_data_end__, 0x4)

.nrf_sections   0x000000000002a814        0x0
                0x000000000002a814                __nrf_sections_start__ = .
                0x000000000002a814                __start_nrf_sections = __nrf_sections_start__
 *(.nrf_sections .nrf_sections.*)
                0x000000000002a814                __nrf_sections_end__ = (__nrf_sections_start__ + SIZEOF (.nrf_sections))
                0x0000000000000000                __nrf_sections_size__ = SIZEOF (.nrf_sections)
                0x000000000002a814                __nrf_sections_load_end__ = __nrf_sections_end__
                0x0000000000000001                . = ASSERT (((__nrf_sections_start__ == __nrf_sections_end__) || ((__nrf_sections_end__ >= __FLASH_segment_start__) && (__nrf_sections_end__ <= __FLASH_segment_end__))), error: .nrf_sections is too large to fit in FLASH memory segment)
                0x000000000002a814                __log_dynamic_data_load_start__ = ALIGN (__nrf_sections_end__, 0x4)

.log_dynamic_data
                0x00000000200022b8       0x34 load address 0x000000000002a814
                0x00000000200022b8                __log_dynamic_data_start__ = .
 *(SORT_BY_NAME(.log_dynamic_data*))
 .log_dynamic_data_CLOCK
                0x00000000200022b8        0x4 Output/ble_app_blinky_pca10040_s132 Release/Obj/nrfx_clock.o
                0x00000000200022b8                m_nrf_log_CLOCK_logs_data_dynamic
 .log_dynamic_data_GPIOTE
                0x00000000200022bc        0x4 Output/ble_app_blinky_pca10040_s132 Release/Obj/nrfx_gpiote.o
                0x00000000200022bc                m_nrf_log_GPIOTE_logs_data_dynamic
 .log_dynamic_data_PRS
                0x00000000200022c0        0x4 Output/ble_app_blinky_pca10040_s132 Release/Obj/nrfx_prs.o
                0x00000000200022c0                m_nrf_log_PRS_logs_data_dynamic
 .log_dynamic_data_UART
                0x00000000200022c4        0x4 Output/ble_app_blinky_pca10040_s132 Release/Obj/nrfx_uart.o
                0x00000000200022c4                m_nrf_log_UART_logs_data_dynamic
 .log_dynamic_data_UARTE
                0x00000000200022c8        0x4 Output/ble_app_blinky_pca10040_s132 Release/Obj/nrfx_uarte.o
                0x00000000200022c8                m_nrf_log_UARTE_logs_data_dynamic
 .log_dynamic_data_app
                0x00000000200022cc        0x4 Output/ble_app_blinky_pca10040_s132 Release/Obj/nrf_log_frontend.o
                0x00000000200022cc                m_nrf_log_app_logs_data_dynamic
 .log_dynamic_data_balloc_log_mempool
                0x00000000200022d0        0x4 Output/ble_app_blinky_pca10040_s132 Release/Obj/nrf_log_frontend.o
                0x00000000200022d0                m_nrf_log_balloc_log_mempool_logs_data_dynamic
 .log_dynamic_data_clock
                0x00000000200022d4        0x4 Output/ble_app_blinky_pca10040_s132 Release/Obj/nrf_drv_clock.o
                0x00000000200022d4                m_nrf_log_clock_logs_data_dynamic
 .log_dynamic_data_nrf_ble_gatt
                0x00000000200022d8        0x4 Output/ble_app_blinky_pca10040_s132 Release/Obj/nrf_ble_gatt.o
                0x00000000200022d8                m_nrf_log_nrf_ble_gatt_logs_data_dynamic
 .log_dynamic_data_nrf_sdh
                0x00000000200022dc        0x4 Output/ble_app_blinky_pca10040_s132 Release/Obj/nrf_sdh.o
                0x00000000200022dc                m_nrf_log_nrf_sdh_logs_data_dynamic
 .log_dynamic_data_nrf_sdh_ble
                0x00000000200022e0        0x4 Output/ble_app_blinky_pca10040_s132 Release/Obj/nrf_sdh_ble.o
                0x00000000200022e0                m_nrf_log_nrf_sdh_ble_logs_data_dynamic
 .log_dynamic_data_nrf_sdh_soc
                0x00000000200022e4        0x4 Output/ble_app_blinky_pca10040_s132 Release/Obj/nrf_sdh_soc.o
                0x00000000200022e4                m_nrf_log_nrf_sdh_soc_logs_data_dynamic
 .log_dynamic_data_pwr_mgmt
                0x00000000200022e8        0x4 Output/ble_app_blinky_pca10040_s132 Release/Obj/nrf_pwr_mgmt.o
                0x00000000200022e8                m_nrf_log_pwr_mgmt_logs_data_dynamic
                0x00000000200022ec                __log_dynamic_data_end__ = (__log_dynamic_data_start__ + SIZEOF (.log_dynamic_data))
                0x0000000000000034                __log_dynamic_data_size__ = SIZEOF (.log_dynamic_data)
                0x000000000002a848                __log_dynamic_data_load_end__ = (__log_dynamic_data_load_start__ + SIZEOF (.log_dynamic_data))
                0x0000000000000001                . = ASSERT (((__log_dynamic_data_load_start__ == __log_dynamic_data_load_end__) || ((__log_dynamic_data_load_end__ >= __FLASH_segment_start__) && (__log_dynamic_data_load_end__ <= __FLASH_segment_end__))), error: .log_dynamic_data is too large to fit in FLASH memory segment)

.log_dynamic_data_run
                0x00000000200022b8       0x34 load address 0x000000000002a814
                0x00000000200022b8                __log_dynamic_data_run_start__ = .
                0x00000000200022b8                __start_log_dynamic_data = __log_dynamic_data_run_start__
                0x00000000200022ec                . = MAX ((__log_dynamic_data_run_start__ + SIZEOF (.log_dynamic_data)), .)
 *fill*         0x00000000200022b8       0x34 
                0x00000000200022ec                __log_dynamic_data_run_end__ = (__log_dynamic_data_run_start__ + SIZEOF (.log_dynamic_data_run))
                0x0000000000000034                __log_dynamic_data_run_size__ = SIZEOF (.log_dynamic_data_run)
                0x00000000200022ec                __stop_log_dynamic_data = __log_dynamic_data_run_end__
                0x00000000200022ec                __log_dynamic_data_run_load_end__ = __log_dynamic_data_run_end__
                0x0000000000000001                . = ASSERT (((__log_dynamic_data_run_start__ == __log_dynamic_data_run_end__) || ((__log_dynamic_data_run_end__ >= __RAM_segment_start__) && (__log_dynamic_data_run_end__ <= __RAM_segment_end__))), error: .log_dynamic_data_run is too large to fit in RAM memory segment)
                0x000000000002a848                __cli_sorted_cmd_ptrs_load_start__ = ALIGN ((__log_dynamic_data_load_start__ + SIZEOF (.log_dynamic_data)), 0x4)

.cli_sorted_cmd_ptrs
                0x00000000200022ec        0x0 load address 0x000000000002a848
                0x00000000200022ec                __cli_sorted_cmd_ptrs_start__ = .
 *(.cli_sorted_cmd_ptrs*)
                0x00000000200022ec                __cli_sorted_cmd_ptrs_end__ = (__cli_sorted_cmd_ptrs_start__ + SIZEOF (.cli_sorted_cmd_ptrs))
                0x0000000000000000                __cli_sorted_cmd_ptrs_size__ = SIZEOF (.cli_sorted_cmd_ptrs)
                0x000000000002a848                __cli_sorted_cmd_ptrs_load_end__ = (__cli_sorted_cmd_ptrs_load_start__ + SIZEOF (.cli_sorted_cmd_ptrs))
                0x0000000000000001                . = ASSERT (((__cli_sorted_cmd_ptrs_load_start__ == __cli_sorted_cmd_ptrs_load_end__) || ((__cli_sorted_cmd_ptrs_load_end__ >= __FLASH_segment_start__) && (__cli_sorted_cmd_ptrs_load_end__ <= __FLASH_segment_end__))), error: .cli_sorted_cmd_ptrs is too large to fit in FLASH memory segment)

.cli_sorted_cmd_ptrs_run
                0x00000000200022ec        0x0
                0x00000000200022ec                __cli_sorted_cmd_ptrs_run_start__ = .
                0x00000000200022ec                __start_cli_sorted_cmd_ptrs = __cli_sorted_cmd_ptrs_run_start__
                0x00000000200022ec                . = MAX ((__cli_sorted_cmd_ptrs_run_start__ + SIZEOF (.cli_sorted_cmd_ptrs)), .)
                0x00000000200022ec                __cli_sorted_cmd_ptrs_run_end__ = (__cli_sorted_cmd_ptrs_run_start__ + SIZEOF (.cli_sorted_cmd_ptrs_run))
                0x0000000000000000                __cli_sorted_cmd_ptrs_run_size__ = SIZEOF (.cli_sorted_cmd_ptrs_run)
                0x00000000200022ec                __stop_cli_sorted_cmd_ptrs = __cli_sorted_cmd_ptrs_run_end__
                0x00000000200022ec                __cli_sorted_cmd_ptrs_run_load_end__ = __cli_sorted_cmd_ptrs_run_end__
                0x0000000000000001                . = ASSERT (((__cli_sorted_cmd_ptrs_run_start__ == __cli_sorted_cmd_ptrs_run_end__) || ((__cli_sorted_cmd_ptrs_run_end__ >= __RAM_segment_start__) && (__cli_sorted_cmd_ptrs_run_end__ <= __RAM_segment_end__))), error: .cli_sorted_cmd_ptrs_run is too large to fit in RAM memory segment)
                0x000000000002a848                __fs_data_load_start__ = ALIGN ((__cli_sorted_cmd_ptrs_load_start__ + SIZEOF (.cli_sorted_cmd_ptrs)), 0x4)

.fs_data        0x00000000200022ec        0x0 load address 0x000000000002a848
                0x00000000200022ec                __fs_data_start__ = .
 *(.fs_data*)
                0x00000000200022ec                __fs_data_end__ = (__fs_data_start__ + SIZEOF (.fs_data))
                0x0000000000000000                __fs_data_size__ = SIZEOF (.fs_data)
                0x000000000002a848                __fs_data_load_end__ = (__fs_data_load_start__ + SIZEOF (.fs_data))
                0x0000000000000001                . = ASSERT (((__fs_data_load_start__ == __fs_data_load_end__) || ((__fs_data_load_end__ >= __FLASH_segment_start__) && (__fs_data_load_end__ <= __FLASH_segment_end__))), error: .fs_data is too large to fit in FLASH memory segment)

.fs_data_run    0x00000000200022ec        0x0
                0x00000000200022ec                __fs_data_run_start__ = .
                0x00000000200022ec                __start_fs_data = __fs_data_run_start__
                0x00000000200022ec                . = MAX ((__fs_data_run_start__ + SIZEOF (.fs_data)), .)
                0x00000000200022ec                __fs_data_run_end__ = (__fs_data_run_start__ + SIZEOF (.fs_data_run))
                0x0000000000000000                __fs_data_run_size__ = SIZEOF (.fs_data_run)
                0x00000000200022ec                __stop_fs_data = __fs_data_run_end__
                0x00000000200022ec                __fs_data_run_load_end__ = __fs_data_run_end__
                0x0000000000000001                . = ASSERT (((__fs_data_run_start__ == __fs_data_run_end__) || ((__fs_data_run_end__ >= __RAM_segment_start__) && (__fs_data_run_end__ <= __RAM_segment_end__))), error: .fs_data_run is too large to fit in RAM memory segment)
                0x00000000200022ec                __nrf_sections_run_end_load_start__ = ALIGN (__fs_data_run_end__, 0x4)

.nrf_sections_run_end
                0x00000000200022ec        0x0
                0x00000000200022ec                __nrf_sections_run_end_start__ = .
                0x00000000200022ec                __end_nrf_sections_run = __nrf_sections_run_end_start__
 *(.nrf_sections_run_end .nrf_sections_run_end.*)
                0x00000000200022ec                __nrf_sections_run_end_end__ = (__nrf_sections_run_end_start__ + SIZEOF (.nrf_sections_run_end))
                0x0000000000000000                __nrf_sections_run_end_size__ = SIZEOF (.nrf_sections_run_end)
                0x00000000200022ec                __nrf_sections_run_end_load_end__ = __nrf_sections_run_end_end__
                0x0000000000000001                . = ASSERT (((__nrf_sections_run_end_start__ == __nrf_sections_run_end_end__) || ((__nrf_sections_run_end_end__ >= __RAM_segment_start__) && (__nrf_sections_run_end_end__ <= __RAM_segment_end__))), error: .nrf_sections_run_end is too large to fit in RAM memory segment)
                0x000000000002a848                __dtors_load_start__ = ALIGN ((__fs_data_load_start__ + SIZEOF (.fs_data)), 0x4)

.dtors          0x000000000002a848        0x0
                0x000000000002a848                __dtors_start__ = .
 *(SORT_BY_NAME(.dtors.*))
 *(.dtors)
 *(.fini_array)
 *(SORT_BY_NAME(.fini_array.*))
                0x000000000002a848                __dtors_end__ = (__dtors_start__ + SIZEOF (.dtors))
                0x0000000000000000                __dtors_size__ = SIZEOF (.dtors)
                0x000000000002a848                __dtors_load_end__ = __dtors_end__
                0x0000000000000001                . = ASSERT (((__dtors_start__ == __dtors_end__) || ((__dtors_end__ >= __FLASH_segment_start__) && (__dtors_end__ <= __FLASH_segment_end__))), error: .dtors is too large to fit in FLASH memory segment)
                0x000000000002a848                __ctors_load_start__ = ALIGN (__dtors_end__, 0x4)

.ctors          0x000000000002a848        0x0
                0x000000000002a848                __ctors_start__ = .
 *(SORT_BY_NAME(.ctors.*))
 *(.ctors)
 *(.init_array)
 *(SORT_BY_NAME(.init_array.*))
                0x000000000002a848                __ctors_end__ = (__ctors_start__ + SIZEOF (.ctors))
                0x0000000000000000                __ctors_size__ = SIZEOF (.ctors)
                0x000000000002a848                __ctors_load_end__ = __ctors_end__
                0x0000000000000001                . = ASSERT (((__ctors_start__ == __ctors_end__) || ((__ctors_end__ >= __FLASH_segment_start__) && (__ctors_end__ <= __FLASH_segment_end__))), error: .ctors is too large to fit in FLASH memory segment)
                0x000000000002a848                __rodata_load_start__ = ALIGN (__ctors_end__, 0x4)

.rodata         0x000000000002a848      0xd34
                0x000000000002a848                __rodata_start__ = .
 *(.rodata .rodata.* .gnu.linkonce.r.*)
 .rodata        0x000000000002a848       0x20 Output/ble_app_blinky_pca10040_s132 Release/Obj/nrf_log_backend_uart.o
 .rodata.nrf_log_backend_uart_api
                0x000000000002a868        0xc Output/ble_app_blinky_pca10040_s132 Release/Obj/nrf_log_backend_uart.o
                0x000000000002a868                nrf_log_backend_uart_api
 .rodata.nrf_log_frontend_dequeue.str1.1
                0x000000000002a874       0x11 Output/ble_app_blinky_pca10040_s132 Release/Obj/nrf_log_frontend.o
 .rodata.str1.1
                0x000000000002a885       0x17 Output/ble_app_blinky_pca10040_s132 Release/Obj/nrf_log_frontend.o
 .rodata.m_colors
                0x000000000002a89c       0x24 Output/ble_app_blinky_pca10040_s132 Release/Obj/nrf_log_str_formatter.o
 .rodata.nrf_log_hexdump_entry_process.str1.1
                0x000000000002a8c0        0xf Output/ble_app_blinky_pca10040_s132 Release/Obj/nrf_log_str_formatter.o
                                         0x11 (size before relaxing)
 .rodata.postfix_process.str1.1
                0x000000000002a8cf        0x8 Output/ble_app_blinky_pca10040_s132 Release/Obj/nrf_log_str_formatter.o
                                          0xb (size before relaxing)
 .rodata.prefix_process.str1.1
                0x000000000002a8d7       0x2a Output/ble_app_blinky_pca10040_s132 Release/Obj/nrf_log_str_formatter.o
 *fill*         0x000000000002a901        0x3 
 .rodata.severity_names
                0x000000000002a904       0x14 Output/ble_app_blinky_pca10040_s132 Release/Obj/nrf_log_str_formatter.o
 .rodata.str1.1
                0x000000000002a918       0x4b Output/ble_app_blinky_pca10040_s132 Release/Obj/nrf_log_str_formatter.o
                                         0x51 (size before relaxing)
 *fill*         0x000000000002a963        0x1 
 .rodata.m_detection_delay_timer_id
                0x000000000002a964        0x4 Output/ble_app_blinky_pca10040_s132 Release/Obj/app_button.o
 .rodata.app_error_fault_handler.str1.1
                0x000000000002a968       0x19 Output/ble_app_blinky_pca10040_s132 Release/Obj/app_error_weak.o
 *fill*         0x000000000002a981        0xf 
 .rodata.delay_bytecode.8215
                0x000000000002a990        0x6 Output/ble_app_blinky_pca10040_s132 Release/Obj/app_timer.o
 .rodata._aV2C.7427
                0x000000000002a996       0x10 Output/ble_app_blinky_pca10040_s132 Release/Obj/nrf_fprintf_format.o
 *fill*         0x000000000002a9a6        0x2 
 .rodata.pwr_mgmt_data
                0x000000000002a9a8        0xc Output/ble_app_blinky_pca10040_s132 Release/Obj/nrf_pwr_mgmt.o
 .rodata.str1.1
                0x000000000002a9b4        0x9 Output/ble_app_blinky_pca10040_s132 Release/Obj/nrf_pwr_mgmt.o
 .rodata.m_unknown_str
                0x000000000002a9bd       0x13 Output/ble_app_blinky_pca10040_s132 Release/Obj/nrf_strerror.o
 .rodata.nrf_strerror_array
                0x000000000002a9d0      0x128 Output/ble_app_blinky_pca10040_s132 Release/Obj/nrf_strerror.o
 .rodata.str1.1
                0x000000000002aaf8      0x3ba Output/ble_app_blinky_pca10040_s132 Release/Obj/nrf_strerror.o
 .rodata.m_board_led_list
                0x000000000002aeb2        0x4 Output/ble_app_blinky_pca10040_s132 Release/Obj/boards.o
 .rodata.str1.1
                0x000000000002aeb6        0x6 Output/ble_app_blinky_pca10040_s132 Release/Obj/nrf_drv_clock.o
 .rodata.str1.1
                0x000000000002aebc        0x6 Output/ble_app_blinky_pca10040_s132 Release/Obj/nrfx_clock.o
 .rodata.str1.1
                0x000000000002aec2        0x7 Output/ble_app_blinky_pca10040_s132 Release/Obj/nrfx_gpiote.o
 .rodata.str1.1
                0x000000000002aec9        0x4 Output/ble_app_blinky_pca10040_s132 Release/Obj/nrfx_prs.o
 .rodata.str1.1
                0x000000000002aecd        0x5 Output/ble_app_blinky_pca10040_s132 Release/Obj/nrfx_uart.o
 .rodata.str1.1
                0x000000000002aed2        0x6 Output/ble_app_blinky_pca10040_s132 Release/Obj/nrfx_uarte.o
 .rodata.ble_evt_handler.str1.1
                0x000000000002aed8       0x17 Output/ble_app_blinky_pca10040_s132 Release/Obj/main.o
 .rodata.button_event_handler.str1.1
                0x000000000002aeef       0x1a Output/ble_app_blinky_pca10040_s132 Release/Obj/main.o
 .rodata.led_write_handler.str1.1
                0x000000000002af09       0x23 Output/ble_app_blinky_pca10040_s132 Release/Obj/main.o
 .rodata.main.str1.1
                0x000000000002af2c       0x26 Output/ble_app_blinky_pca10040_s132 Release/Obj/main.o
 .rodata.data_length_update.str1.1
                0x000000000002af52       0xdf Output/ble_app_blinky_pca10040_s132 Release/Obj/nrf_ble_gatt.o
 .rodata.nrf_ble_gatt_on_ble_evt.str1.1
                0x000000000002b031       0x60 Output/ble_app_blinky_pca10040_s132 Release/Obj/nrf_ble_gatt.o
 .rodata.str1.1
                0x000000000002b091        0xd Output/ble_app_blinky_pca10040_s132 Release/Obj/nrf_ble_gatt.o
 .rodata        0x000000000002b09e       0x10 Output/ble_app_blinky_pca10040_s132 Release/Obj/ble_lbs.o
 .rodata        0x000000000002b0ae        0x4 Output/ble_app_blinky_pca10040_s132 Release/Obj/nrf_sdh.o
 *fill*         0x000000000002b0b2        0x2 
 .rodata.sdh_req_observers
                0x000000000002b0b4        0xc Output/ble_app_blinky_pca10040_s132 Release/Obj/nrf_sdh.o
 .rodata.sdh_stack_observers
                0x000000000002b0c0        0xc Output/ble_app_blinky_pca10040_s132 Release/Obj/nrf_sdh.o
 .rodata.sdh_state_observers
                0x000000000002b0cc        0xc Output/ble_app_blinky_pca10040_s132 Release/Obj/nrf_sdh.o
 .rodata.str1.1
                0x000000000002b0d8        0x8 Output/ble_app_blinky_pca10040_s132 Release/Obj/nrf_sdh.o
 .rodata.nrf_sdh_ble_default_cfg_set.str1.1
                0x000000000002b0e0      0x182 Output/ble_app_blinky_pca10040_s132 Release/Obj/nrf_sdh_ble.o
 .rodata.nrf_sdh_ble_enable.str1.1
                0x000000000002b262       0xa7 Output/ble_app_blinky_pca10040_s132 Release/Obj/nrf_sdh_ble.o
 *fill*         0x000000000002b309        0x3 
 .rodata.sdh_ble_observers
                0x000000000002b30c        0xc Output/ble_app_blinky_pca10040_s132 Release/Obj/nrf_sdh_ble.o
 .rodata.str1.1
                0x000000000002b318        0xc Output/ble_app_blinky_pca10040_s132 Release/Obj/nrf_sdh_ble.o
 .rodata.sdh_soc_observers
                0x000000000002b324        0xc Output/ble_app_blinky_pca10040_s132 Release/Obj/nrf_sdh_soc.o
 .rodata.str1.1
                0x000000000002b330        0xc Output/ble_app_blinky_pca10040_s132 Release/Obj/nrf_sdh_soc.o
 .rodata.libc.__RAL_ascii_ctype_map
                0x000000000002b33c       0x80 D:/Embedded Segger 4.12/lib/libc_v7em_fpv4_sp_d16_hard_t_le_eabi.a(libc2.o)
                0x000000000002b33c                __RAL_ascii_ctype_map
 .rodata.libc.__RAL_ascii_ctype_mask
                0x000000000002b3bc        0xd D:/Embedded Segger 4.12/lib/libc_v7em_fpv4_sp_d16_hard_t_le_eabi.a(libc2.o)
 *fill*         0x000000000002b3c9        0x3 
 .rodata.libc.__RAL_c_locale
                0x000000000002b3cc        0xc D:/Embedded Segger 4.12/lib/libc_v7em_fpv4_sp_d16_hard_t_le_eabi.a(libc2.o)
                0x000000000002b3cc                __RAL_c_locale
 .rodata.libc.__RAL_c_locale_abbrev_day_names
                0x000000000002b3d8       0x1d D:/Embedded Segger 4.12/lib/libc_v7em_fpv4_sp_d16_hard_t_le_eabi.a(libc2.o)
                0x000000000002b3d8                __RAL_c_locale_abbrev_day_names
 *fill*         0x000000000002b3f5        0x3 
 .rodata.libc.__RAL_c_locale_abbrev_month_names
                0x000000000002b3f8       0x31 D:/Embedded Segger 4.12/lib/libc_v7em_fpv4_sp_d16_hard_t_le_eabi.a(libc2.o)
                0x000000000002b3f8                __RAL_c_locale_abbrev_month_names
 *fill*         0x000000000002b429        0x3 
 .rodata.libc.__RAL_c_locale_am_pm_indicator
                0x000000000002b42c        0x7 D:/Embedded Segger 4.12/lib/libc_v7em_fpv4_sp_d16_hard_t_le_eabi.a(libc2.o)
                0x000000000002b42c                __RAL_c_locale_am_pm_indicator
 *fill*         0x000000000002b433        0x1 
 .rodata.libc.__RAL_c_locale_data
                0x000000000002b434       0x58 D:/Embedded Segger 4.12/lib/libc_v7em_fpv4_sp_d16_hard_t_le_eabi.a(libc2.o)
                0x000000000002b434                __RAL_c_locale_data
 .rodata.libc.__RAL_c_locale_date_format
                0x000000000002b48c        0x9 D:/Embedded Segger 4.12/lib/libc_v7em_fpv4_sp_d16_hard_t_le_eabi.a(libc2.o)
                0x000000000002b48c                __RAL_c_locale_date_format
 *fill*         0x000000000002b495        0x3 
 .rodata.libc.__RAL_c_locale_date_time_format
                0x000000000002b498        0xf D:/Embedded Segger 4.12/lib/libc_v7em_fpv4_sp_d16_hard_t_le_eabi.a(libc2.o)
                0x000000000002b498                __RAL_c_locale_date_time_format
 *fill*         0x000000000002b4a7        0x1 
 .rodata.libc.__RAL_c_locale_day_names
                0x000000000002b4a8       0x3a D:/Embedded Segger 4.12/lib/libc_v7em_fpv4_sp_d16_hard_t_le_eabi.a(libc2.o)
                0x000000000002b4a8                __RAL_c_locale_day_names
 *fill*         0x000000000002b4e2        0x2 
 .rodata.libc.__RAL_c_locale_month_names
                0x000000000002b4e4       0x57 D:/Embedded Segger 4.12/lib/libc_v7em_fpv4_sp_d16_hard_t_le_eabi.a(libc2.o)
                0x000000000002b4e4                __RAL_c_locale_month_names
 *fill*         0x000000000002b53b        0x1 
 .rodata.libc.__RAL_c_locale_time_format
                0x000000000002b53c        0x9 D:/Embedded Segger 4.12/lib/libc_v7em_fpv4_sp_d16_hard_t_le_eabi.a(libc2.o)
                0x000000000002b53c                __RAL_c_locale_time_format
 *fill*         0x000000000002b545        0x3 
 .rodata.libc.__RAL_codeset_ascii
                0x000000000002b548       0x20 D:/Embedded Segger 4.12/lib/libc_v7em_fpv4_sp_d16_hard_t_le_eabi.a(libc2.o)
                0x000000000002b548                __RAL_codeset_ascii
 .rodata.libc.__RAL_data_empty_string
                0x000000000002b568        0x1 D:/Embedded Segger 4.12/lib/libc_v7em_fpv4_sp_d16_hard_t_le_eabi.a(libc2.o)
                0x000000000002b568                __RAL_data_empty_string
 *fill*         0x000000000002b569        0x3 
 .rodata.libc.__RAL_data_utf8_period
                0x000000000002b56c        0x2 D:/Embedded Segger 4.12/lib/libc_v7em_fpv4_sp_d16_hard_t_le_eabi.a(libc2.o)
                0x000000000002b56c                __RAL_data_utf8_period
 *fill*         0x000000000002b56e        0x2 
 .rodata.libc.__RAL_find_locale.str1.4
                0x000000000002b570        0xc D:/Embedded Segger 4.12/lib/libc_v7em_fpv4_sp_d16_hard_t_le_eabi.a(libc2.o)
                                          0xa (size before relaxing)
                0x000000000002b57c                __rodata_end__ = (__rodata_start__ + SIZEOF (.rodata))
                0x0000000000000d34                __rodata_size__ = SIZEOF (.rodata)
                0x000000000002b57c                __rodata_load_end__ = __rodata_end__

.rel.dyn        0x000000000002b57c        0x0
 .rel.iplt      0x000000000002b57c        0x0 Output/ble_app_blinky_pca10040_s132 Release/Obj/thumb_crt0.o
                0x0000000000000001                . = ASSERT (((__rodata_start__ == __rodata_end__) || ((__rodata_end__ >= __FLASH_segment_start__) && (__rodata_end__ <= __FLASH_segment_end__))), error: .rodata is too large to fit in FLASH memory segment)
                0x000000000002b57c                __ARM.exidx_load_start__ = ALIGN (__rodata_end__, 0x4)

.ARM.exidx      0x000000000002b57c        0x0
                0x000000000002b57c                __ARM.exidx_start__ = .
                0x000000000002b57c                __exidx_start = __ARM.exidx_start__
 *(.ARM.exidx .ARM.exidx.*)
                0x000000000002b57c                __ARM.exidx_end__ = (__ARM.exidx_start__ + SIZEOF (.ARM.exidx))
                0x0000000000000000                __ARM.exidx_size__ = SIZEOF (.ARM.exidx)
                0x000000000002b57c                __exidx_end = __ARM.exidx_end__
                0x000000000002b57c                __ARM.exidx_load_end__ = __ARM.exidx_end__
                0x0000000000000001                . = ASSERT (((__ARM.exidx_start__ == __ARM.exidx_end__) || ((__ARM.exidx_end__ >= __FLASH_segment_start__) && (__ARM.exidx_end__ <= __FLASH_segment_end__))), error: .ARM.exidx is too large to fit in FLASH memory segment)
                0x000000000002b57c                __fast_load_start__ = ALIGN (__ARM.exidx_end__, 0x4)

.fast           0x00000000200022ec        0x0 load address 0x000000000002b57c
                0x00000000200022ec                __fast_start__ = .
 *(.fast .fast.*)
                0x00000000200022ec                __fast_end__ = (__fast_start__ + SIZEOF (.fast))
                0x0000000000000000                __fast_size__ = SIZEOF (.fast)
                0x000000000002b57c                __fast_load_end__ = (__fast_load_start__ + SIZEOF (.fast))
                0x0000000000000001                . = ASSERT (((__fast_load_start__ == __fast_load_end__) || ((__fast_load_end__ >= __FLASH_segment_start__) && (__fast_load_end__ <= __FLASH_segment_end__))), error: .fast is too large to fit in FLASH memory segment)

.fast_run       0x00000000200022ec        0x0
                0x00000000200022ec                __fast_run_start__ = .
                0x00000000200022ec                . = MAX ((__fast_run_start__ + SIZEOF (.fast)), .)
                0x00000000200022ec                __fast_run_end__ = (__fast_run_start__ + SIZEOF (.fast_run))
                0x0000000000000000                __fast_run_size__ = SIZEOF (.fast_run)
                0x00000000200022ec                __fast_run_load_end__ = __fast_run_end__
                0x0000000000000001                . = ASSERT (((__fast_run_start__ == __fast_run_end__) || ((__fast_run_end__ >= __RAM_segment_start__) && (__fast_run_end__ <= __RAM_segment_end__))), error: .fast_run is too large to fit in RAM memory segment)
                0x000000000002b57c                __data_load_start__ = ALIGN ((__fast_load_start__ + SIZEOF (.fast)), 0x4)

.data           0x00000000200022ec       0x54 load address 0x000000000002b57c
                0x00000000200022ec                __data_start__ = .
 *(.data .data.* .gnu.linkonce.d.*)
 .data.m_uart   0x00000000200022ec       0x14 Output/ble_app_blinky_pca10040_s132 Release/Obj/nrf_log_backend_uart.o
                0x00000000200022ec                m_uart
 .data.uart_log_backend
                0x0000000020002300        0xc Output/ble_app_blinky_pca10040_s132 Release/Obj/nrf_log_default_backends.o
 .data.SystemCoreClock
                0x000000002000230c        0x4 Output/ble_app_blinky_pca10040_s132 Release/Obj/system_nrf52.o
                0x000000002000230c                SystemCoreClock